Component: ARM Compiler 5.06 update 7 (build 960) Tool: armlink [4d3601]

==============================================================================

Section Cross References

    startup_w7500x.o(STACK) refers (Special) to heapauxi.o(.text) for __use_two_region_memory
    startup_w7500x.o(HEAP) refers (Special) to heapauxi.o(.text) for __use_two_region_memory
    startup_w7500x.o(RESET) refers (Special) to heapauxi.o(.text) for __use_two_region_memory
    startup_w7500x.o(RESET) refers to startup_w7500x.o(STACK) for __initial_sp
    startup_w7500x.o(RESET) refers to startup_w7500x.o(.text) for Reset_Handler
    startup_w7500x.o(RESET) refers to w7500x_it.o(.text) for NMI_Handler
    startup_w7500x.o(.text) refers (Special) to heapauxi.o(.text) for __use_two_region_memory
    startup_w7500x.o(.text) refers to system_w7500x.o(.text) for SystemInit
    startup_w7500x.o(.text) refers to __main.o(!!!main) for __main
    startup_w7500x.o(.text) refers to startup_w7500x.o(HEAP) for Heap_Mem
    startup_w7500x.o(.text) refers to startup_w7500x.o(STACK) for Stack_Mem
    system_w7500x.o(.text) refers to w7500x_crg.o(.text) for CRG_PLL_SourceSelect
    system_w7500x.o(.text) refers to system_w7500x.o(.data) for .data
    w7500x_adc.o(.text) refers to w7500x_adc.o(.data) for .data
    w7500x_uart.o(.text) refers to system_w7500x.o(.text) for GetSystemClock
    w7500x_uart.o(.text) refers to aeabi_sdiv.o(.text) for __aeabi_uidivmod
    w7500x_uart.o(.text) refers to fflti.o(.text) for __aeabi_ui2f
    w7500x_uart.o(.text) refers to fdiv.o(.text) for __aeabi_fdiv
    w7500x_uart.o(.text) refers to ffixui.o(.text) for __aeabi_f2uiz
    w7500x_uart.o(.text) refers to faddsub.o(x$fpl$frsb) for __aeabi_frsub
    w7500x_uart.o(.text) refers to fscalbn.o(.text) for __ARM_scalbnf
    w7500x_uart.o(.text) refers to f2d.o(.text) for __aeabi_f2d
    w7500x_uart.o(.text) refers to daddsub.o(.text) for __aeabi_dadd
    w7500x_uart.o(.text) refers to dfixui.o(.text) for __aeabi_d2uiz
    w7500x_wdt.o(.text) refers to w7500x_wdt.o(.data) for .data
    w7500x_miim.o(.text) refers to w7500x_gpio.o(.text) for GPIO_SetBits
    w7500x_miim.o(.text) refers to w7500x_miim.o(.data) for .data
    i2c.o(.text) refers to w7500x_gpio.o(.text) for GPIO_Init
    i2c.o(.text) refers to noretval__2printf.o(.text) for __2printf
    i2c.o(.text) refers to i2c.o(.data) for .data
    i2c.o(.text) refers to i2c.o(.bss) for .bss
    loopback.o(.text) refers to _printf_percent.o(.ARM.Collect$$_printf_percent$$00000000) for _printf_percent
    loopback.o(.text) refers to _printf_d.o(.ARM.Collect$$_printf_percent$$00000009) for _printf_d
    loopback.o(.text) refers to _printf_dec.o(.text) for _printf_int_dec
    loopback.o(.text) refers to w7500x_wztoe.o(.text) for WIZCHIP_READ
    loopback.o(.text) refers to noretval__2printf.o(.text) for __2printf
    loopback.o(.text) refers to socket.o(.text) for recv
    socket.o(.text) refers to w7500x_wztoe.o(.text) for WIZCHIP_WRITE
    socket.o(.text) refers to socket.o(.data) for .data
    socket.o(.text) refers to socket.o(.bss) for .bss
    socket.o(.text) refers to socket.o(i.__ARM_common_switch8) for __ARM_common_switch8
    wizchip_conf.o(.text) refers to w7500x_wztoe.o(.text) for WIZCHIP_READ
    wizchip_conf.o(.text) refers to socket.o(i.__ARM_common_switch8) for __ARM_common_switch8
    wizchip_conf.o(.text) refers to wizchip_conf.o(.data) for .data
    wizchip_conf.o(.data) refers to wizchip_conf.o(.text) for wizchip_cris_enter
    dhcp.o(.text) refers to w7500x_wztoe.o(.text) for WIZCHIP_WRITE
    dhcp.o(.text) refers to socket.o(.text) for sendto
    dhcp.o(.text) refers to dhcp.o(.data) for .data
    dhcp.o(.text) refers to socket.o(i.__ARM_common_switch8) for __ARM_common_switch8
    dhcp.o(.data) refers to dhcp.o(.text) for default_ip_assign
    dns.o(.text) refers to socket.o(i.__ARM_common_switch8) for __ARM_common_switch8
    dns.o(.text) refers to rt_memclr.o(.text) for __aeabi_memclr
    dns.o(.text) refers to strcpy.o(.text) for strcpy
    dns.o(.text) refers to strlen.o(.text) for strlen
    dns.o(.text) refers to strchr.o(.text) for strchr
    dns.o(.text) refers to strncpy.o(.text) for strncpy
    dns.o(.text) refers to socket.o(.text) for socket
    dns.o(.text) refers to dns.o(.data) for .data
    main.o(.text) refers to _printf_percent.o(.ARM.Collect$$_printf_percent$$00000000) for _printf_percent
    main.o(.text) refers to _printf_d.o(.ARM.Collect$$_printf_percent$$00000009) for _printf_d
    main.o(.text) refers to _printf_dec.o(.text) for _printf_int_dec
    main.o(.text) refers to _printf_s.o(.ARM.Collect$$_printf_percent$$00000014) for _printf_s
    main.o(.text) refers to _printf_str.o(.text) for _printf_str
    main.o(.text) refers to _printf_pad.o(.text) for _printf_pre_padding
    main.o(.text) refers to _printf_x.o(.ARM.Collect$$_printf_percent$$0000000C) for _printf_x
    main.o(.text) refers to _printf_hex_int.o(.text) for _printf_longlong_hex
[...]
    ../clib/angel/rt.s                       0x00000000   Number         0  rt_raise.o ABSOLUTE
    ../clib/angel/rt.s                       0x00000000   Number         0  aeabi_idiv0.o ABSOLUTE
    ../clib/angel/rt.s                       0x00000000   Number         0  aeabi_idiv0_sigfpe.o ABSOLUTE
    ../clib/angel/scatterp.s                 0x00000000   Number         0  __scatter.o ABSOLUTE
    ../clib/angel/startup.s                  0x00000000   Number         0  __main.o ABSOLUTE
    ../clib/angel/sys.s                      0x00000000   Number         0  use_no_semi.o ABSOLUTE
    ../clib/angel/sys.s                      0x00000000   Number         0  sys_stackheap_outer.o ABSOLUTE
    ../clib/angel/sys.s                      0x00000000   Number         0  indicate_semi.o ABSOLUTE
    ../clib/angel/sys.s                      0x00000000   Number         0  libspace.o ABSOLUTE
    ../clib/angel/sys.s                      0x00000000   Number         0  tempstk.o ABSOLUTE
    ../clib/angel/sysapp.c                   0x00000000   Number         0  sys_command.o ABSOLUTE
    ../clib/armsys.c                         0x00000000   Number         0  argv_veneer.o ABSOLUTE
    ../clib/armsys.c                         0x00000000   Number         0  no_argv.o ABSOLUTE
    ../clib/armsys.c                         0x00000000   Number         0  _get_argv_nomalloc.o ABSOLUTE
    ../clib/division.c                       0x00000000   Number         0  rtudiv10.o ABSOLUTE
    ../clib/division.s                       0x00000000   Number         0  aeabi_sdiv.o ABSOLUTE
    ../clib/division.s                       0x00000000   Number         0  aeabi_sdiv_div0.o ABSOLUTE
    ../clib/heapalloc.c                      0x00000000   Number         0  hrguard.o ABSOLUTE
    ../clib/heapaux.c                        0x00000000   Number         0  heapauxi.o ABSOLUTE
    ../clib/libinit.s                        0x00000000   Number         0  libinit.o ABSOLUTE
    ../clib/libinit.s                        0x00000000   Number         0  libshutdown2.o ABSOLUTE
    ../clib/libinit.s                        0x00000000   Number         0  libshutdown.o ABSOLUTE
    ../clib/libinit.s                        0x00000000   Number         0  libinit2.o ABSOLUTE
    ../clib/memcpset.c                       0x00000000   Number         0  rt_memcpy.o ABSOLUTE
    ../clib/memcpset.c                       0x00000000   Number         0  rt_memcpy.o ABSOLUTE
    ../clib/memcpset.c                       0x00000000   Number         0  rt_memclr.o ABSOLUTE
    ../clib/misc.s                           0x00000000   Number         0  printf_stubs.o ABSOLUTE
    ../clib/printf.c                         0x00000000   Number         0  _printf_hex_int.o ABSOLUTE
    ../clib/printf.c                         0x00000000   Number         0  __printf_nopercent.o ABSOLUTE
    ../clib/printf.c                         0x00000000   Number         0  _printf_hex_int_ll.o ABSOLUTE
    ../clib/printf.c                         0x00000000   Number         0  _printf_hex_ptr.o ABSOLUTE
    ../clib/printf.c                         0x00000000   Number         0  _printf_hex_int_ptr.o ABSOLUTE
    ../clib/printf.c                         0x00000000   Number         0  __printf.o ABSOLUTE
    ../clib/printf.c                         0x00000000   Number         0  _printf_pad.o ABSOLUTE
    ../clib/printf.c                         0x00000000   Number         0  _printf_str.o ABSOLUTE
    ../clib/printf.c                         0x00000000   Number         0  __printf_flags_ss_wp.o ABSOLUTE
    ../clib/printf.c                         0x00000000   Number         0  __printf_ss_wp.o ABSOLUTE
    ../clib/printf.c                         0x00000000   Number         0  __printf_flags_wp.o ABSOLUTE
    ../clib/printf.c                         0x00000000   Number         0  _printf_dec.o ABSOLUTE
    ../clib/printf.c                         0x00000000   Number         0  __printf_flags_ss.o ABSOLUTE
    ../clib/printf.c                         0x00000000   Number         0  _printf_hex_ll.o ABSOLUTE
    ../clib/printf.c                         0x00000000   Number         0  __printf_ss.o ABSOLUTE
    ../clib/printf.c                         0x00000000   Number         0  __printf_flags.o ABSOLUTE
    ../clib/printf.c                         0x00000000   Number         0  _printf_char_file.o ABSOLUTE
    ../clib/printf.c                         0x00000000   Number         0  _printf_char.o ABSOLUTE
    ../clib/printf.c                         0x00000000   Number         0  _sputc.o ABSOLUTE
    ../clib/printf.c                         0x00000000   Number         0  _printf_char_common.o ABSOLUTE
    ../clib/printf.c                         0x00000000   Number         0  _printf_intcommon.o ABSOLUTE
    ../clib/printf.c                         0x00000000   Number         0  _printf_hex_int_ll_ptr.o ABSOLUTE
    ../clib/printf.c                         0x00000000   Number         0  __printf_wp.o ABSOLUTE
    ../clib/printf.c                         0x00000000   Number         0  __2printf.o ABSOLUTE
    ../clib/printf.c                         0x00000000   Number         0  __2sprintf.o ABSOLUTE
    ../clib/printf.c                         0x00000000   Number         0  noretval__2printf.o ABSOLUTE
    ../clib/printf.c                         0x00000000   Number         0  _printf_hex_ll_ptr.o ABSOLUTE
    ../clib/printf.c                         0x00000000   Number         0  noretval__2sprintf.o ABSOLUTE
    ../clib/printf_percent.s                 0x00000000   Number         0  _printf_d.o ABSOLUTE
    ../clib/printf_percent.s                 0x00000000   Number         0  _printf_percent.o ABSOLUTE
    ../clib/printf_percent.s                 0x00000000   Number         0  _printf_x.o ABSOLUTE
    ../clib/printf_percent.s                 0x00000000   Number         0  _printf_s.o ABSOLUTE
    ../clib/printf_percent.s                 0x00000000   Number         0  _printf_percent_end.o ABSOLUTE
    ../clib/signal.c                         0x00000000   Number         0  defsig_pvfn_inner.o ABSOLUTE
    ../clib/signal.c                         0x00000000   Number         0  defsig_stak_inner.o ABSOLUTE
    ../clib/signal.c                         0x00000000   Number         0  defsig_rtmem_formal.o ABSOLUTE
    ../clib/signal.c                         0x00000000   Number         0  defsig_rtmem_outer.o ABSOLUTE
    ../clib/signal.c                         0x00000000   Number         0  __raise.o ABSOLUTE
    ../clib/signal.c                         0x00000000   Number         0  defsig_rtmem_inner.o ABSOLUTE
    ../clib/signal.c                         0x00000000   Number         0  defsig_rtred_inner.o ABSOLUTE
    ../clib/signal.c                         0x00000000   Number         0  defsig_abrt_inner.o ABSOLUTE
    ../clib/signal.c                         0x00000000   Number         0  defsig_general.o ABSOLUTE
    ../clib/signal.c                         0x00000000   Number         0  defsig_fpe_inner.o ABSOLUTE
    ../clib/signal.c                         0x00000000   Number         0  defsig_exit.o ABSOLUTE
    ../clib/signal.c                         0x00000000   Number         0  defsig_fpe_formal.o ABSOLUTE
    ../clib/signal.c                         0x00000000   Number         0  defsig_fpe_outer.o ABSOLUTE
    ../clib/signal.c                         0x00000000   Number         0  defsig_other.o ABSOLUTE
    ../clib/signal.c                         0x00000000   Number         0  defsig_segv_inner.o ABSOLUTE
    ../clib/signal.c                         0x00000000   Number         0  defsig_cppl_inner.o ABSOLUTE
    ../clib/signal.s                         0x00000000   Number         0  defsig.o ABSOLUTE
    ../clib/stdlib.c                         0x00000000   Number         0  exit.o ABSOLUTE
    ../clib/string.c                         0x00000000   Number         0  strcpy.o ABSOLUTE
    ../clib/string.c                         0x00000000   Number         0  strlen.o ABSOLUTE
    ../clib/string.c                         0x00000000   Number         0  strncmp.o ABSOLUTE
    ../clib/string.c                         0x00000000   Number         0  strncpy.o ABSOLUTE
    ../clib/string.c                         0x00000000   Number         0  strchr.o ABSOLUTE
    ../fplib/cfplib/daddsub.c                0x00000000   Number         0  daddsub.o ABSOLUTE
    ../fplib/cfplib/f2d.c                    0x00000000   Number         0  f2d.o ABSOLUTE
    ../fplib/cfplib/fdiv.c                   0x00000000   Number         0  fdiv.o ABSOLUTE
    ../fplib/cfplib/ffix.c                   0x00000000   Number         0  dfixui.o ABSOLUTE
    ../fplib/cfplib/ffix.c                   0x00000000   Number         0  ffixui.o ABSOLUTE
    ../fplib/cfplib/fflt.c                   0x00000000   Number         0  fflti.o ABSOLUTE
    ../fplib/cfplib/fpinit.c                 0x00000000   Number         0  fpinit.o ABSOLUTE
    ../fplib/cfplib/scalbn.c                 0x00000000   Number         0  fscalbn.o ABSOLUTE
    ../fplib/faddsub6m.s                     0x00000000   Number         0  faddsub.o ABSOLUTE
    ../fplib/usenofp.s                       0x00000000   Number         0  usenofp.o ABSOLUTE
    ..\..\..\Libraries\CMSIS\Device\WIZnet\W7500\Source\ARM\startup_w7500x.s 0x00000000   Number         0  startup_w7500x.o ABSOLUTE
    ..\..\..\Libraries\CMSIS\Device\WIZnet\W7500\Source\system_w7500x.c 0x00000000   Number         0  system_w7500x.o ABSOLUTE
    ..\..\..\Libraries\W7500x_StdPeriph_Driver\src\i2c.c 0x00000000   Number         0  i2c.o ABSOLUTE
    ..\..\..\Libraries\W7500x_StdPeriph_Driver\src\w7500x_adc.c 0x00000000   Number         0  w7500x_adc.o ABSOLUTE
    ..\..\..\Libraries\W7500x_StdPeriph_Driver\src\w7500x_crg.c 0x00000000   Number         0  w7500x_crg.o ABSOLUTE
    ..\..\..\Libraries\W7500x_StdPeriph_Driver\src\w7500x_dualtimer.c 0x00000000   Number         0  w7500x_dualtimer.o ABSOLUTE
    ..\..\..\Libraries\W7500x_StdPeriph_Driver\src\w7500x_exti.c 0x00000000   Number         0  w7500x_exti.o ABSOLUTE
    ..\..\..\Libraries\W7500x_StdPeriph_Driver\src\w7500x_flash.c 0x00000000   Number         0  w7500x_flash.o ABSOLUTE
    ..\..\..\Libraries\W7500x_StdPeriph_Driver\src\w7500x_gpio.c 0x00000000   Number         0  w7500x_gpio.o ABSOLUTE
    ..\..\..\Libraries\W7500x_StdPeriph_Driver\src\w7500x_miim.c 0x00000000   Number         0  w7500x_miim.o ABSOLUTE
    ..\..\..\Libraries\W7500x_StdPeriph_Driver\src\w7500x_misc.c 0x00000000   Number         0  w7500x_misc.o ABSOLUTE
    ..\..\..\Libraries\W7500x_StdPeriph_Driver\src\w7500x_pwm.c 0x00000000   Number         0  w7500x_pwm.o ABSOLUTE
    ..\..\..\Libraries\W7500x_StdPeriph_Driver\src\w7500x_rng.c 0x00000000   Number         0  w7500x_rng.o ABSOLUTE
    ..\..\..\Libraries\W7500x_StdPeriph_Driver\src\w7500x_rtc.c 0x00000000   Number         0  w7500x_rtc.o ABSOLUTE
    ..\..\..\Libraries\W7500x_StdPeriph_Driver\src\w7500x_ssp.c 0x00000000   Number         0  w7500x_ssp.o ABSOLUTE
    ..\..\..\Libraries\W7500x_StdPeriph_Driver\src\w7500x_uart.c 0x00000000   Number         0  w7500x_uart.o ABSOLUTE
    ..\..\..\Libraries\W7500x_StdPeriph_Driver\src\w7500x_wdt.c 0x00000000   Number         0  w7500x_wdt.o ABSOLUTE
    ..\..\..\Libraries\W7500x_StdPeriph_Driver\src\w7500x_wztoe.c 0x00000000   Number         0  w7500x_wztoe.o ABSOLUTE
    ..\..\..\Libraries\ioLibrary\Application\loopback\loopback.c 0x00000000   Number         0  loopback.o ABSOLUTE
    ..\..\..\Libraries\ioLibrary\Ethernet\socket.c 0x00000000   Number         0  socket.o ABSOLUTE
    ..\..\..\Libraries\ioLibrary\Ethernet\wizchip_conf.c 0x00000000   Number         0  wizchip_conf.o ABSOLUTE
    ..\..\..\Libraries\ioLibrary\Internet\DHCP\dhcp.c 0x00000000   Number         0  dhcp.o ABSOLUTE
    ..\..\..\Libraries\ioLibrary\Internet\DNS\dns.c 0x00000000   Number         0  dns.o ABSOLUTE
    ..\..\..\src\main.c                      0x00000000   Number         0  main.o ABSOLUTE
    ..\..\..\src\retarget.c                  0x00000000   Number         0  retarget.o ABSOLUTE
    ..\..\..\src\w7500x_it.c                 0x00000000   Number         0  w7500x_it.o ABSOLUTE
    ..\\..\\..\\Libraries\\CMSIS\\Device\\WIZnet\\W7500\\Source\\system_w7500x.c 0x00000000   Number         0  system_w7500x.o ABSOLUTE
    ..\\..\\..\\Libraries\\W7500x_StdPeriph_Driver\\src\\i2c.c 0x00000000   Number         0  i2c.o ABSOLUTE
    ..\\..\\..\\Libraries\\W7500x_StdPeriph_Driver\\src\\w7500x_adc.c 0x00000000   Number         0  w7500x_adc.o ABSOLUTE
    ..\\..\\..\\Libraries\\W7500x_StdPeriph_Driver\\src\\w7500x_crg.c 0x00000000   Number         0  w7500x_crg.o ABSOLUTE
    ..\\..\\..\\Libraries\\W7500x_StdPeriph_Driver\\src\\w7500x_dualtimer.c 0x00000000   Number         0  w7500x_dualtimer.o ABSOLUTE
    ..\\..\\..\\Libraries\\W7500x_StdPeriph_Driver\\src\\w7500x_exti.c 0x00000000   Number         0  w7500x_exti.o ABSOLUTE
    ..\\..\\..\\Libraries\\W7500x_StdPeriph_Driver\\src\\w7500x_flash.c 0x00000000   Number         0  w7500x_flash.o ABSOLUTE
    ..\\..\\..\\Libraries\\W7500x_StdPeriph_Driver\\src\\w7500x_gpio.c 0x00000000   Number         0  w7500x_gpio.o ABSOLUTE
    ..\\..\\..\\Libraries\\W7500x_StdPeriph_Driver\\src\\w7500x_miim.c 0x00000000   Number         0  w7500x_miim.o ABSOLUTE
    ..\\..\\..\\Libraries\\W7500x_StdPeriph_Driver\\src\\w7500x_misc.c 0x00000000   Number         0  w7500x_misc.o ABSOLUTE
    ..\\..\\..\\Libraries\\W7500x_StdPeriph_Driver\\src\\w7500x_pwm.c 0x00000000   Number         0  w7500x_pwm.o ABSOLUTE
    ..\\..\\..\\Libraries\\W7500x_StdPeriph_Driver\\src\\w7500x_rng.c 0x00000000   Number         0  w7500x_rng.o ABSOLUTE
    ..\\..\\..\\Libraries\\W7500x_StdPeriph_Driver\\src\\w7500x_rtc.c 0x00000000   Number         0  w7500x_rtc.o ABSOLUTE
    ..\\..\\..\\Libraries\\W7500x_StdPeriph_Driver\\src\\w7500x_ssp.c 0x00000000   Number         0  w7500x_ssp.o ABSOLUTE
    ..\\..\\..\\Libraries\\W7500x_StdPeriph_Driver\\src\\w7500x_uart.c 0x00000000   Number         0  w7500x_uart.o ABSOLUTE
    ..\\..\\..\\Libraries\\W7500x_StdPeriph_Driver\\src\\w7500x_wdt.c 0x00000000   Number         0  w7500x_wdt.o ABSOLUTE
    ..\\..\\..\\Libraries\\W7500x_StdPeriph_Driver\\src\\w7500x_wztoe.c 0x00000000   Number         0  w7500x_wztoe.o ABSOLUTE
    ..\\..\\..\\Libraries\\ioLibrary\\Application\\loopback\\loopback.c 0x00000000   Number         0  loopback.o ABSOLUTE
    ..\\..\\..\\Libraries\\ioLibrary\\Ethernet\\socket.c 0x00000000   Number         0  socket.o ABSOLUTE
    ..\\..\\..\\Libraries\\ioLibrary\\Ethernet\\wizchip_conf.c 0x00000000   Number         0  wizchip_conf.o ABSOLUTE
    ..\\..\\..\\Libraries\\ioLibrary\\Internet\\DHCP\\dhcp.c 0x00000000   Number         0  dhcp.o ABSOLUTE
    ..\\..\\..\\Libraries\\ioLibrary\\Internet\\DNS\\dns.c 0x00000000   Number         0  dns.o ABSOLUTE
    ..\\..\\..\\src\\main.c                  0x00000000   Number         0  main.o ABSOLUTE
    ..\\..\\..\\src\\retarget.c              0x00000000   Number         0  retarget.o ABSOLUTE
    ..\\..\\..\\src\\w7500x_it.c             0x00000000   Number         0  w7500x_it.o ABSOLUTE
    dc.s                                     0x00000000   Number         0  dc.o ABSOLUTE
    !!!main                                  0x000000a8   Section        8  __main.o(!!!main)
    !!!scatter                               0x000000b0   Section       60  __scatter.o(!!!scatter)
    !!handler_copy                           0x000000ec   Section       26  __scatter_copy.o(!!handler_copy)
    !!handler_zi                             0x00000108   Section       28  __scatter_zi.o(!!handler_zi)
    .ARM.Collect$$_printf_percent$$00000000  0x00000124   Section        2  _printf_percent.o(.ARM.Collect$$_printf_percent$$00000000)
    .ARM.Collect$$_printf_percent$$00000009  0x00000126   Section       10  _printf_d.o(.ARM.Collect$$_printf_percent$$00000009)
    .ARM.Collect$$_printf_percent$$0000000C  0x00000130   Section       10  _printf_x.o(.ARM.Collect$$_printf_percent$$0000000C)
    .ARM.Collect$$_printf_percent$$00000014  0x0000013a   Section       10  _printf_s.o(.ARM.Collect$$_printf_percent$$00000014)
    .ARM.Collect$$_printf_percent$$00000017  0x00000144   Section        4  _printf_percent_end.o(.ARM.Collect$$_printf_percent$$00000017)
    .ARM.Collect$$libinit$$00000000          0x00000148   Section        2  libinit.o(.ARM.Collect$$libinit$$00000000)
    .ARM.Collect$$libinit$$00000002          0x0000014a   Section        0  libinit2.o(.ARM.Collect$$libinit$$00000002)
    .ARM.Collect$$libinit$$00000004          0x0000014a   Section        0  libinit2.o(.ARM.Collect$$libinit$$00000004)
    .ARM.Collect$$libinit$$0000000A          0x0000014a   Section        0  libinit2.o(.ARM.Collect$$libinit$$0000000A)
    .ARM.Collect$$libinit$$0000000C          0x0000014a   Section        0  libinit2.o(.ARM.Collect$$libinit$$0000000C)
    .ARM.Collect$$libinit$$0000000E          0x0000014a   Section        0  libinit2.o(.ARM.Collect$$libinit$$0000000E)
    .ARM.Collect$$libinit$$00000011          0x0000014a   Section        0  libinit2.o(.ARM.Collect$$libinit$$00000011)
    .ARM.Collect$$libinit$$00000013          0x0000014a   Section        0  libinit2.o(.ARM.Collect$$libinit$$00000013)
    .ARM.Collect$$libinit$$00000015          0x0000014a   Section        0  libinit2.o(.ARM.Collect$$libinit$$00000015)
    .ARM.Collect$$libinit$$00000017          0x0000014a   Section        0  libinit2.o(.ARM.Collect$$libinit$$00000017)
    .ARM.Collect$$libinit$$00000019          0x0000014a   Section        0  libinit2.o(.ARM.Collect$$libinit$$00000019)
    .ARM.Collect$$libinit$$0000001B          0x0000014a   Section        0  libinit2.o(.ARM.Collect$$libinit$$0000001B)
    .ARM.Collect$$libinit$$0000001D          0x0000014a   Section        0  libinit2.o(.ARM.Collect$$libinit$$0000001D)
    .ARM.Collect$$libinit$$0000001F          0x0000014a   Section        0  libinit2.o(.ARM.Collect$$libinit$$0000001F)
    .ARM.Collect$$libinit$$00000021          0x0000014a   Section        0  libinit2.o(.ARM.Collect$$libinit$$00000021)
    .ARM.Collect$$libinit$$00000023          0x0000014a   Section        0  libinit2.o(.ARM.Collect$$libinit$$00000023)
    .ARM.Collect$$libinit$$00000025          0x0000014a   Section        0  libinit2.o(.ARM.Collect$$libinit$$00000025)
    .ARM.Collect$$libinit$$0000002C          0x0000014a   Section        0  libinit2.o(.ARM.Collect$$libinit$$0000002C)
    .ARM.Collect$$libinit$$0000002E          0x0000014a   Section        0  libinit2.o(.ARM.Collect$$libinit$$0000002E)
    .ARM.Collect$$libinit$$00000030          0x0000014a   Section        0  libinit2.o(.ARM.Collect$$libinit$$00000030)
    .ARM.Collect$$libinit$$00000032          0x0000014a   Section        0  libinit2.o(.ARM.Collect$$libinit$$00000032)
    .ARM.Collect$$libinit$$00000033          0x0000014a   Section        2  libinit2.o(.ARM.Collect$$libinit$$00000033)
    .ARM.Collect$$libshutdown$$00000000      0x0000014c   Section        2  libshutdown.o(.ARM.Collect$$libshutdown$$00000000)
    .ARM.Collect$$libshutdown$$00000002      0x0000014e   Section        0  libshutdown2.o(.ARM.Collect$$libshutdown$$00000002)
    .ARM.Collect$$libshutdown$$00000004      0x0000014e   Section        0  libshutdown2.o(.ARM.Collect$$libshutdown$$00000004)
    .ARM.Collect$$libshutdown$$00000006      0x0000014e   Section        0  libshutdown2.o(.ARM.Collect$$libshutdown$$00000006)
    .ARM.Collect$$libshutdown$$00000009      0x0000014e   Section        0  libshutdown2.o(.ARM.Collect$$libshutdown$$00000009)
    .ARM.Collect$$libshutdown$$0000000C      0x0000014e   Section        0  libshutdown2.o(.ARM.Collect$$libshutdown$$0000000C)
    .ARM.Collect$$libshutdown$$0000000E      0x0000014e   Section        0  libshutdown2.o(.ARM.Collect$$libshutdown$$0000000E)
    .ARM.Collect$$libshutdown$$00000011      0x0000014e   Section        0  libshutdown2.o(.ARM.Collect$$libshutdown$$00000011)
    .ARM.Collect$$libshutdown$$00000012      0x0000014e   Section        2  libshutdown2.o(.ARM.Collect$$libshutdown$$00000012)
    .ARM.Collect$$rtentry$$00000000          0x00000150   Section        0  __rtentry.o(.ARM.Collect$$rtentry$$00000000)
    .ARM.Collect$$rtentry$$00000002          0x00000150   Section        0  __rtentry2.o(.ARM.Collect$$rtentry$$00000002)
    .ARM.Collect$$rtentry$$00000004          0x00000150   Section        6  __rtentry4.o(.ARM.Collect$$rtentry$$00000004)
    .ARM.Collect$$rtentry$$00000009          0x00000156   Section        0  __rtentry2.o(.ARM.Collect$$rtentry$$00000009)
    .ARM.Collect$$rtentry$$0000000A          0x00000156   Section        4  __rtentry2.o(.ARM.Collect$$rtentry$$0000000A)
    .ARM.Collect$$rtentry$$0000000C          0x0000015a   Section        0  __rtentry2.o(.ARM.Collect$$rtentry$$0000000C)
    .ARM.Collect$$rtentry$$0000000D          0x0000015a   Section        8  __rtentry2.o(.ARM.Collect$$rtentry$$0000000D)
    .ARM.Collect$$rtexit$$00000000           0x00000162   Section        2  rtexit.o(.ARM.Collect$$rtexit$$00000000)
    .ARM.Collect$$rtexit$$00000002           0x00000164   Section        0  rtexit2.o(.ARM.Collect$$rtexit$$00000002)
    .ARM.Collect$$rtexit$$00000003           0x00000164   Section        4  rtexit2.o(.ARM.Collect$$rtexit$$00000003)
    .ARM.Collect$$rtexit$$00000004           0x00000168   Section        6  rtexit2.o(.ARM.Collect$$rtexit$$00000004)
    .emb_text                                0x00000170   Section       56  rt_memcpy.o(.emb_text)
    .text                                    0x000001a8   Section       56  startup_w7500x.o(.text)
    .text                                    0x000001e0   Section        0  system_w7500x.o(.text)
    .text                                    0x00000234   Section        0  w7500x_crg.o(.text)
    .text                                    0x00000494   Section        0  w7500x_dualtimer.o(.text)
    .text                                    0x0000055c   Section        0  w7500x_gpio.o(.text)
    .text                                    0x00000854   Section        0  w7500x_pwm.o(.text)
    .text                                    0x00000a8c   Section        0  w7500x_uart.o(.text)
    .text                                    0x00000cc8   Section        0  w7500x_wztoe.o(.text)
    .text                                    0x00000db0   Section        0  w7500x_miim.o(.text)
    MDIO_Idle                                0x00000db1   Thumb Code    38  w7500x_miim.o(.text)
    MDIO_Out                                 0x00000dd7   Thumb Code    72  w7500x_miim.o(.text)
    MDIO_GetData                             0x00000e1f   Thumb Code   142  w7500x_miim.o(.text)
    MDIO_SetData                             0x00000ead   Thumb Code    64  w7500x_miim.o(.text)
    miim_delay                               0x00000fb3   Thumb Code    18  w7500x_miim.o(.text)
    .text                                    0x00000fd0   Section        0  w7500x_misc.o(.text)
    .text                                    0x00001020   Section        0  socket.o(.text)
    .text                                    0x00001af8   Section        0  wizchip_conf.o(.text)
    .text                                    0x000020c4   Section        0  dhcp.o(.text)
    .text                                    0x00002c70   Section        0  main.o(.text)
    Lock_ON                                  0x00002c71   Thumb Code    74  main.o(.text)
    Network_Config                           0x00002ebd   Thumb Code   194  main.o(.text)
    .text                                    0x00003370   Section        0  retarget.o(.text)
    .text                                    0x00003408   Section        0  w7500x_it.o(.text)
    .text                                    0x00003464   Section        2  use_no_semi.o(.text)
    .text                                    0x00003468   Section        0  noretval__2printf.o(.text)
    .text                                    0x00003484   Section        0  noretval__2sprintf.o(.text)
    .text                                    0x000034ac   Section        0  _printf_pad.o(.text)
    .text                                    0x000034fa   Section        0  _printf_str.o(.text)
    .text                                    0x0000354c   Section        0  _printf_dec.o(.text)
    .text                                    0x000035b8   Section        0  _printf_hex_int.o(.text)
    .text                                    0x00003610   Section        0  __printf_flags_ss_wp.o(.text)
    .text                                    0x00003798   Section        0  strlen.o(.text)
    .text                                    0x000037dc   Section        0  strncmp.o(.text)
    .text                                    0x0000387c   Section        0  rt_memcpy.o(.text)
    .text                                    0x000038fe   Section        0  rt_memclr.o(.text)
    .text                                    0x0000393e   Section      346  aeabi_sdiv.o(.text)
    .text                                    0x00003a98   Section        0  heapauxi.o(.text)
    .text                                    0x00003aa0   Section        0  daddsub.o(.text)
    _dadd1                                   0x00003aa1   Thumb Code   290  daddsub.o(.text)
    _dsub1                                   0x00003bc3   Thumb Code   470  daddsub.o(.text)
    .text                                    0x00003df8   Section        0  dfixui.o(.text)
    .text                                    0x00003e40   Section        0  f2d.o(.text)
    .text                                    0x00003e94   Section        0  fdiv.o(.text)
    .text                                    0x00003ff4   Section        0  ffixui.o(.text)
    .text                                    0x00004024   Section        0  fflti.o(.text)
    .text                                    0x00004084   Section        0  fscalbn.o(.text)
    .text                                    0x000040c8   Section        0  _printf_intcommon.o(.text)
    .text                                    0x00004178   Section        0  _printf_char_common.o(.text)
    _printf_input_char                       0x00004179   Thumb Code    10  _printf_char_common.o(.text)
    .text                                    0x000041a8   Section        0  _sputc.o(.text)
    .text                                    0x000041b2   Section        0  _printf_char.o(.text)
    .text                                    0x000041e0   Section        0  _printf_char_file.o(.text)
    .text                                    0x00004208   Section        0  rtudiv10.o(.text)
    .text                                    0x00004230   Section       62  sys_stackheap_outer.o(.text)
    .text                                    0x0000426e   Section        0  exit.o(.text)
    .text                                    0x00004280   Section        8  libspace.o(.text)
    i.__ARM_common_switch8                   0x00004288   Section        0  socket.o(i.__ARM_common_switch8)
    i._is_digit                              0x000042a2   Section        0  __printf_wp.o(i._is_digit)
    x$fpl$fadd                               0x000042b0   Section      140  faddsub.o(x$fpl$fadd)
    _fadd1                                   0x000042bd   Thumb Code     0  faddsub.o(x$fpl$fadd)
    x$fpl$frsb                               0x0000433c   Section       24  faddsub.o(x$fpl$frsb)
    x$fpl$fsub                               0x00004354   Section      208  faddsub.o(x$fpl$fsub)
    _fsub1                                   0x00004361   Thumb Code     0  faddsub.o(x$fpl$fsub)
    .constdata                               0x00004424   Section       40  _printf_hex_int.o(.constdata)
    x$fpl$usenofp                            0x00004424   Section        0  usenofp.o(x$fpl$usenofp)
    uc_hextab                                0x00004424   Data          20  _printf_hex_int.o(.constdata)
    lc_hextab                                0x00004438   Data          20  _printf_hex_int.o(.constdata)
    .constdata                               0x0000444c   Section       17  __printf_flags_ss_wp.o(.constdata)
    maptable                                 0x0000444c   Data          17  __printf_flags_ss_wp.o(.constdata)
    .constdata                               0x0000445d   Section       64  fdiv.o(.constdata)
    fdiv_tab                                 0x0000445d   Data          64  fdiv.o(.constdata)
    .conststring                             0x000044a0   Section      101  main.o(.conststring)
    .data                                    0x20000000   Section        8  system_w7500x.o(.data)
    SystemCoreClock                          0x20000000   Data           4  system_w7500x.o(.data)
    SystemSourceClock                        0x20000004   Data           4  system_w7500x.o(.data)
    .data                                    0x20000008   Section       12  w7500x_miim.o(.data)
    miim_MDIO                                0x20000008   Data           2  w7500x_miim.o(.data)
    miim_MDC                                 0x2000000a   Data           2  w7500x_miim.o(.data)
    PHY_ADDR                                 0x2000000c   Data           4  w7500x_miim.o(.data)
    miim_PORT                                0x20000010   Data           4  w7500x_miim.o(.data)
    .data                                    0x20000014   Section       14  socket.o(.data)
    sock_any_port                            0x20000014   Data           2  socket.o(.data)
    sock_io_mode                             0x20000016   Data           2  socket.o(.data)
    sock_is_sending                          0x20000018   Data           2  socket.o(.data)
    sock_pack_info                           0x2000001a   Data           8  socket.o(.data)
    .data                                    0x20000024   Section       40  wizchip_conf.o(.data)
    _DHCP_                                   0x20000024   Data           1  wizchip_conf.o(.data)
    _DNS_                                    0x20000025   Data           4  wizchip_conf.o(.data)
    .data                                    0x2000004c   Section       74  dhcp.o(.data)
    .data                                    0x20000098   Section        8  main.o(.data)
    TimingDelay                              0x2000009c   Data           4  main.o(.data)
    .data                                    0x200000a0   Section        4  retarget.o(.data)
    .bss                                     0x200000a4   Section       16  socket.o(.bss)
    sock_remained_size                       0x200000a4   Data          16  socket.o(.bss)
    .bss                                     0x200000b4   Section     2071  main.o(.bss)
    .bss                                     0x200008cc   Section       96  libspace.o(.bss)
    HEAP                                     0x20000930   Section     1024  startup_w7500x.o(HEAP)
    Heap_Mem                                 0x20000930   Data        1024  startup_w7500x.o(HEAP)
    STACK                                    0x20000d30   Section     1024  startup_w7500x.o(STACK)
    Stack_Mem                                0x20000d30   Data        1024  startup_w7500x.o(STACK)
    __initial_sp                             0x20001130   Data           0  startup_w7500x.o(STACK)

    Global Symbols

    Symbol Name                              Value     Ov Type        Size  Object(Section)

    BuildAttributes$$THM_ISAv3M$S$PE$A:L22$X:L11$S22$IEEE1$IW$USESV6$~STKCKD$USESV7$~SHL$OSPACE$ROPI$EBA8$UX$STANDARDLIB$REQ8$PRES8$EABIv2 0x00000000   Number         0  anon$$obj.o ABSOLUTE
    __ARM_use_no_argv                        0x00000000   Number         0  main.o ABSOLUTE
    __Vectors                                0x00000000   Data           4  startup_w7500x.o(RESET)
    _printf_flags                            0x00000000   Number         0  printf_stubs.o ABSOLUTE
    _printf_return_value                     0x00000000   Number         0  printf_stubs.o ABSOLUTE
    _printf_sizespec                         0x00000000   Number         0  printf_stubs.o ABSOLUTE
    _printf_widthprec                        0x00000000   Number         0  printf_stubs.o ABSOLUTE
    __ARM_exceptions_init                     - Undefined Weak Reference
    __alloca_initialize                       - Undefined Weak Reference
    __arm_fini_                               - Undefined Weak Reference
    __arm_preinit_                            - Undefined Weak Reference
    __cpp_initialize__aeabi_                  - Undefined Weak Reference
    __cxa_finalize                            - Undefined Weak Reference
    __rt_locale                               - Undefined Weak Reference
    __sigvec_lookup                           - Undefined Weak Reference
    _atexit_init                              - Undefined Weak Reference
    _call_atexit_fns                          - Undefined Weak Reference
    _clock_init                               - Undefined Weak Reference
    _fp_trap_init                             - Undefined Weak Reference
    _fp_trap_shutdown                         - Undefined Weak Reference
    _get_lc_collate                           - Undefined Weak Reference
    _get_lc_ctype                             - Undefined Weak Reference
    _get_lc_monetary                          - Undefined Weak Reference
    _get_lc_numeric                           - Undefined Weak Reference
    _get_lc_time                              - Undefined Weak Reference
    _getenv_init                              - Undefined Weak Reference
    _handle_redirection                       - Undefined Weak Reference
    _init_alloc                               - Undefined Weak Reference
    _init_user_alloc                          - Undefined Weak Reference
    _initio                                   - Undefined Weak Reference
    _printf_mbtowc                            - Undefined Weak Reference
    _printf_truncate_signed                   - Undefined Weak Reference
    _printf_truncate_unsigned                 - Undefined Weak Reference
    _rand_init                                - Undefined Weak Reference
    _signal_finish                            - Undefined Weak Reference
    _signal_init                              - Undefined Weak Reference
    _terminate_alloc                          - Undefined Weak Reference
    _terminate_user_alloc                     - Undefined Weak Reference
    _terminateio                              - Undefined Weak Reference
    __Vectors_End                            0x000000a8   Data           0  startup_w7500x.o(RESET)
    __Vectors_Size                           0x000000a8   Number         0  startup_w7500x.o ABSOLUTE
    __main                                   0x000000a9   Thumb Code     8  __main.o(!!!main)
    __scatterload                            0x000000b1   Thumb Code     0  __scatter.o(!!!scatter)
    __scatterload_rt2                        0x000000b1   Thumb Code    52  __scatter.o(!!!scatter)
    __scatterload_rt2_thumb_only             0x000000b1   Thumb Code     0  __scatter.o(!!!scatter)
    __scatterload_null                       0x000000c1   Thumb Code     0  __scatter.o(!!!scatter)
    __scatterload_copy                       0x000000ed   Thumb Code    26  __scatter_copy.o(!!handler_copy)
    __scatterload_zeroinit                   0x00000109   Thumb Code    28  __scatter_zi.o(!!handler_zi)
    _printf_percent                          0x00000125   Thumb Code     0  _printf_percent.o(.ARM.Collect$$_printf_percent$$00000000)
    _printf_d                                0x00000127   Thumb Code     0  _printf_d.o(.ARM.Collect$$_printf_percent$$00000009)
    _printf_x                                0x00000131   Thumb Code     0  _printf_x.o(.ARM.Collect$$_printf_percent$$0000000C)
    _printf_s                                0x0000013b   Thumb Code     0  _printf_s.o(.ARM.Collect$$_printf_percent$$00000014)
    _printf_percent_end                      0x00000145   Thumb Code     0  _printf_percent_end.o(.ARM.Collect$$_printf_percent$$00000017)
    __rt_lib_init                            0x00000149   Thumb Code     0  libinit.o(.ARM.Collect$$libinit$$00000000)
    __rt_lib_init_alloca_1                   0x0000014b   Thumb Code     0  libinit2.o(.ARM.Collect$$libinit$$0000002E)
    __rt_lib_init_argv_1                     0x0000014b   Thumb Code     0  libinit2.o(.ARM.Collect$$libinit$$0000002C)
    __rt_lib_init_atexit_1                   0x0000014b   Thumb Code     0  libinit2.o(.ARM.Collect$$libinit$$0000001B)
    __rt_lib_init_clock_1                    0x0000014b   Thumb Code     0  libinit2.o(.ARM.Collect$$libinit$$00000021)
    __rt_lib_init_cpp_1                      0x0000014b   Thumb Code     0  libinit2.o(.ARM.Collect$$libinit$$00000032)
    __rt_lib_init_exceptions_1               0x0000014b   Thumb Code     0  libinit2.o(.ARM.Collect$$libinit$$00000030)
    __rt_lib_init_fp_1                       0x0000014b   Thumb Code     0  libinit2.o(.ARM.Collect$$libinit$$00000002)
    __rt_lib_init_fp_trap_1                  0x0000014b   Thumb Code     0  libinit2.o(.ARM.Collect$$libinit$$0000001F)
    __rt_lib_init_getenv_1                   0x0000014b   Thumb Code     0  libinit2.o(.ARM.Collect$$libinit$$00000023)
    __rt_lib_init_heap_1                     0x0000014b   Thumb Code     0  libinit2.o(.ARM.Collect$$libinit$$0000000A)
    __rt_lib_init_lc_collate_1               0x0000014b   Thumb Code     0  libinit2.o(.ARM.Collect$$libinit$$00000011)
    __rt_lib_init_lc_ctype_1                 0x0000014b   Thumb Code     0  libinit2.o(.ARM.Collect$$libinit$$00000013)
    __rt_lib_init_lc_monetary_1              0x0000014b   Thumb Code     0  libinit2.o(.ARM.Collect$$libinit$$00000015)
    __rt_lib_init_lc_numeric_1               0x0000014b   Thumb Code     0  libinit2.o(.ARM.Collect$$libinit$$00000017)
    __rt_lib_init_lc_time_1                  0x0000014b   Thumb Code     0  libinit2.o(.ARM.Collect$$libinit$$00000019)
    __rt_lib_init_preinit_1                  0x0000014b   Thumb Code     0  libinit2.o(.ARM.Collect$$libinit$$00000004)
    __rt_lib_init_rand_1                     0x0000014b   Thumb Code     0  libinit2.o(.ARM.Collect$$libinit$$0000000E)
    __rt_lib_init_return                     0x0000014b   Thumb Code     0  libinit2.o(.ARM.Collect$$libinit$$00000033)
    __rt_lib_init_signal_1                   0x0000014b   Thumb Code     0  libinit2.o(.ARM.Collect$$libinit$$0000001D)
    __rt_lib_init_stdio_1                    0x0000014b   Thumb Code     0  libinit2.o(.ARM.Collect$$libinit$$00000025)
    __rt_lib_init_user_alloc_1               0x0000014b   Thumb Code     0  libinit2.o(.ARM.Collect$$libinit$$0000000C)
    __rt_lib_shutdown                        0x0000014d   Thumb Code     0  libshutdown.o(.ARM.Collect$$libshutdown$$00000000)
    __rt_lib_shutdown_cpp_1                  0x0000014f   Thumb Code     0  libshutdown2.o(.ARM.Collect$$libshutdown$$00000004)
    __rt_lib_shutdown_fini_1                 0x0000014f   Thumb Code     0  libshutdown2.o(.ARM.Collect$$libshutdown$$00000002)
    __rt_lib_shutdown_fp_trap_1              0x0000014f   Thumb Code     0  libshutdown2.o(.ARM.Collect$$libshutdown$$00000009)
    __rt_lib_shutdown_heap_1                 0x0000014f   Thumb Code     0  libshutdown2.o(.ARM.Collect$$libshutdown$$00000011)
    __rt_lib_shutdown_return                 0x0000014f   Thumb Code     0  libshutdown2.o(.ARM.Collect$$libshutdown$$00000012)
    __rt_lib_shutdown_signal_1               0x0000014f   Thumb Code     0  libshutdown2.o(.ARM.Collect$$libshutdown$$0000000C)
    __rt_lib_shutdown_stdio_1                0x0000014f   Thumb Code     0  libshutdown2.o(.ARM.Collect$$libshutdown$$00000006)
    __rt_lib_shutdown_user_alloc_1           0x0000014f   Thumb Code     0  libshutdown2.o(.ARM.Collect$$libshutdown$$0000000E)
    __rt_entry                               0x00000151   Thumb Code     0  __rtentry.o(.ARM.Collect$$rtentry$$00000000)
    __rt_entry_presh_1                       0x00000151   Thumb Code     0  __rtentry2.o(.ARM.Collect$$rtentry$$00000002)
    __rt_entry_sh                            0x00000151   Thumb Code     0  __rtentry4.o(.ARM.Collect$$rtentry$$00000004)
    __rt_entry_li                            0x00000157   Thumb Code     0  __rtentry2.o(.ARM.Collect$$rtentry$$0000000A)
    __rt_entry_postsh_1                      0x00000157   Thumb Code     0  __rtentry2.o(.ARM.Collect$$rtentry$$00000009)
    __rt_entry_main                          0x0000015b   Thumb Code     0  __rtentry2.o(.ARM.Collect$$rtentry$$0000000D)
    __rt_entry_postli_1                      0x0000015b   Thumb Code     0  __rtentry2.o(.ARM.Collect$$rtentry$$0000000C)
    __rt_exit                                0x00000163   Thumb Code     0  rtexit.o(.ARM.Collect$$rtexit$$00000000)
    __rt_exit_ls                             0x00000165   Thumb Code     0  rtexit2.o(.ARM.Collect$$rtexit$$00000003)
    __rt_exit_prels_1                        0x00000165   Thumb Code     0  rtexit2.o(.ARM.Collect$$rtexit$$00000002)
    __rt_exit_exit                           0x00000169   Thumb Code     0  rtexit2.o(.ARM.Collect$$rtexit$$00000004)
    __aeabi_memcpy4                          0x00000171   Thumb Code    56  rt_memcpy.o(.emb_text)
    __aeabi_memcpy8                          0x00000171   Thumb Code     0  rt_memcpy.o(.emb_text)
    Reset_Handler                            0x000001a9   Thumb Code     8  startup_w7500x.o(.text)
    I2C0_Handler                             0x000001bb   Thumb Code     0  startup_w7500x.o(.text)
    I2C1_Handler                             0x000001bb   Thumb Code     0  startup_w7500x.o(.text)
    __user_initial_stackheap                 0x000001bd   Thumb Code    10  startup_w7500x.o(.text)
    GetSystemClock                           0x000001e1   Thumb Code     6  system_w7500x.o(.text)
    GetSourceClock                           0x000001e7   Thumb Code     6  system_w7500x.o(.text)
    SystemCoreClockUpdate                    0x000001ed   Thumb Code    10  system_w7500x.o(.text)
    SystemInit                               0x000001f7   Thumb Code    38  system_w7500x.o(.text)
    CRG_DeInit                               0x00000235   Thumb Code     2  w7500x_crg.o(.text)
    CRG_OSC_PowerDown                        0x00000237   Thumb Code    18  w7500x_crg.o(.text)
    CRG_PLL_PowerDown                        0x00000249   Thumb Code    18  w7500x_crg.o(.text)
    CRG_PLL_Output                           0x0000025b   Thumb Code    18  w7500x_crg.o(.text)
    CRG_PLL_Bypass                           0x0000026d   Thumb Code    18  w7500x_crg.o(.text)
    CRG_PLL_SourceSelect                     0x0000027f   Thumb Code    18  w7500x_crg.o(.text)
    CRG_FCLK_SourceSelect                    0x00000291   Thumb Code    16  w7500x_crg.o(.text)
    CRG_FCLK_SetPrescale                     0x000002a1   Thumb Code    20  w7500x_crg.o(.text)
    CRG_SSPCLK_SourceSelect                  0x000002b5   Thumb Code    22  w7500x_crg.o(.text)
    CRG_SSPCLK_SetPrescale                   0x000002cb   Thumb Code    22  w7500x_crg.o(.text)
    CRG_ADCCLK_SourceSelect                  0x000002e1   Thumb Code    22  w7500x_crg.o(.text)
    CRG_ADCCLK_SetPrescale                   0x000002f7   Thumb Code    22  w7500x_crg.o(.text)
    CRG_TIMERCLK_SourceSelect                0x0000030d   Thumb Code    26  w7500x_crg.o(.text)
    CRG_TIMERCLK_SetPrescale                 0x00000327   Thumb Code    42  w7500x_crg.o(.text)
    CRG_PWMCLK_SourceSelect                  0x00000351   Thumb Code    26  w7500x_crg.o(.text)
    CRG_PWMCLK_SetPrescale                   0x0000036b   Thumb Code    42  w7500x_crg.o(.text)
    CRG_RTC_HS_SourceSelect                  0x00000395   Thumb Code    20  w7500x_crg.o(.text)
    CRG_RTC_HS_SetPrescale                   0x000003a9   Thumb Code    42  w7500x_crg.o(.text)
    CRG_RTC_SourceSelect                     0x000003d3   Thumb Code    12  w7500x_crg.o(.text)
    CRG_WDOGCLK_HS_SourceSelect              0x000003df   Thumb Code    22  w7500x_crg.o(.text)
    CRG_WDOGCLK_HS_SetPrescale               0x000003f5   Thumb Code    44  w7500x_crg.o(.text)
    CRG_UARTCLK_SourceSelect                 0x00000421   Thumb Code    22  w7500x_crg.o(.text)
    CRG_UARTCLK_SetPrescale                  0x00000437   Thumb Code    26  w7500x_crg.o(.text)
    CRG_MII_Enable                           0x00000451   Thumb Code    40  w7500x_crg.o(.text)
    CRG_SetMonitoringClock                   0x00000479   Thumb Code     8  w7500x_crg.o(.text)
    CRG_GetMonitoringClock                   0x00000481   Thumb Code    10  w7500x_crg.o(.text)
    DUALTIMER_Cmd                            0x00000495   Thumb Code    30  w7500x_dualtimer.o(.text)
    DUALTIMER_DeInit                         0x000004b3   Thumb Code    22  w7500x_dualtimer.o(.text)
    DUALTIMER_Init                           0x000004c9   Thumb Code   100  w7500x_dualtimer.o(.text)
    DUALTIMER_GetLoad                        0x0000052d   Thumb Code     4  w7500x_dualtimer.o(.text)
    DUALTIMER_SetLoad                        0x00000531   Thumb Code     4  w7500x_dualtimer.o(.text)
    DUALTIMER_GetBGLoad                      0x00000535   Thumb Code     4  w7500x_dualtimer.o(.text)
    DUALTIMER_SetBGLoad                      0x00000539   Thumb Code     4  w7500x_dualtimer.o(.text)
    DUALTIMER_ITConfig                       0x0000053d   Thumb Code    18  w7500x_dualtimer.o(.text)
    DUALTIMER_GetITStatus                    0x0000054f   Thumb Code     6  w7500x_dualtimer.o(.text)
    DUALTIMER_ClearIT                        0x00000555   Thumb Code     6  w7500x_dualtimer.o(.text)
    GPIO_PinPadConfig                        0x0000055d   Thumb Code    56  w7500x_gpio.o(.text)
    GPIO_PinAFConfig                         0x00000595   Thumb Code    56  w7500x_gpio.o(.text)
    GPIO_DeInit                              0x000005cd   Thumb Code    56  w7500x_gpio.o(.text)
    GPIO_Read_PinPad                         0x00000605   Thumb Code    58  w7500x_gpio.o(.text)
    GPIO_Init                                0x0000063f   Thumb Code   180  w7500x_gpio.o(.text)
    GPIO_StructInit                          0x000006f3   Thumb Code    16  w7500x_gpio.o(.text)
    GPIO_ReadInputDataBit                    0x00000703   Thumb Code    14  w7500x_gpio.o(.text)
    GPIO_ReadInputData                       0x00000711   Thumb Code     6  w7500x_gpio.o(.text)
    GPIO_ReadOutputDataBit                   0x00000717   Thumb Code    14  w7500x_gpio.o(.text)
    GPIO_ReadOutputData                      0x00000725   Thumb Code     6  w7500x_gpio.o(.text)
    GPIO_SetBits                             0x0000072b   Thumb Code    34  w7500x_gpio.o(.text)
    GPIO_ResetBits                           0x0000074d   Thumb Code    34  w7500x_gpio.o(.text)
    GPIO_WriteBit                            0x0000076f   Thumb Code    42  w7500x_gpio.o(.text)
    GPIO_Write                               0x00000799   Thumb Code     4  w7500x_gpio.o(.text)
    GPIO_ToggleBits                          0x0000079d   Thumb Code     8  w7500x_gpio.o(.text)
    GPIO_IT_Init                             0x000007a5   Thumb Code    62  w7500x_gpio.o(.text)
    GPIO_ITStructInit                        0x000007e3   Thumb Code    12  w7500x_gpio.o(.text)
    GPIO_ITConfig                            0x000007ef   Thumb Code    12  w7500x_gpio.o(.text)
    GPIO_GetITStatus                         0x000007fb   Thumb Code    14  w7500x_gpio.o(.text)
    GPIO_ClearITPendingPin                   0x00000809   Thumb Code     4  w7500x_gpio.o(.text)
    GPIO_Read_PinAF                          0x0000080d   Thumb Code    58  w7500x_gpio.o(.text)
    PWM_DeInit                               0x00000855   Thumb Code   130  w7500x_pwm.o(.text)
    PWM_Init                                 0x000008d7   Thumb Code    42  w7500x_pwm.o(.text)
    PWM_StructInit                           0x00000901   Thumb Code    28  w7500x_pwm.o(.text)
    PWM_Cmd                                  0x0000091d   Thumb Code    96  w7500x_pwm.o(.text)
    PWM_Pause                                0x0000097d   Thumb Code    96  w7500x_pwm.o(.text)
    PWM_GetCapture                           0x000009dd   Thumb Code     4  w7500x_pwm.o(.text)
    PWM_GetCounter                           0x000009e1   Thumb Code     4  w7500x_pwm.o(.text)
    PWM_ITConfig                             0x000009e5   Thumb Code   110  w7500x_pwm.o(.text)
    PWM_GetITStatus                          0x00000a53   Thumb Code    14  w7500x_pwm.o(.text)
    PWM_ClearITPendingBit                    0x00000a61   Thumb Code     8  w7500x_pwm.o(.text)
    UART_DeInit                              0x00000a8d   Thumb Code    70  w7500x_uart.o(.text)
    UART_Init                                0x00000ad3   Thumb Code   136  w7500x_uart.o(.text)
    UART_StructInit                          0x00000b5b   Thumb Code    26  w7500x_uart.o(.text)
    UART_Cmd                                 0x00000b75   Thumb Code    20  w7500x_uart.o(.text)
    UART_FIFO_Enable                         0x00000b89   Thumb Code    16  w7500x_uart.o(.text)
    UART_FIFO_Disable                        0x00000b99   Thumb Code    10  w7500x_uart.o(.text)
    UART_SendBreak                           0x00000ba3   Thumb Code    10  w7500x_uart.o(.text)
    S_UART_DeInit                            0x00000bad   Thumb Code    14  w7500x_uart.o(.text)
    S_UART_Init                              0x00000bbb   Thumb Code    20  w7500x_uart.o(.text)
    S_UART_Cmd                               0x00000bcf   Thumb Code    22  w7500x_uart.o(.text)
    UART_GetFlagStatus                       0x00000be5   Thumb Code    14  w7500x_uart.o(.text)
    UART_SendData                            0x00000bf3   Thumb Code    22  w7500x_uart.o(.text)
    UART_ReceiveData                         0x00000c09   Thumb Code     6  w7500x_uart.o(.text)
    S_UART_SendData                          0x00000c0f   Thumb Code    12  w7500x_uart.o(.text)
    S_UART_ReceiveData                       0x00000c1b   Thumb Code     8  w7500x_uart.o(.text)
    UART_ITConfig                            0x00000c23   Thumb Code    16  w7500x_uart.o(.text)
    UART_GetITStatus                         0x00000c33   Thumb Code    14  w7500x_uart.o(.text)
    UART_ClearITPendingBit                   0x00000c41   Thumb Code     8  w7500x_uart.o(.text)
    UART_GetRecvStatus                       0x00000c49   Thumb Code    14  w7500x_uart.o(.text)
    UART_ClearRecvStatus                     0x00000c57   Thumb Code     6  w7500x_uart.o(.text)
    S_UART_ITConfig                          0x00000c5d   Thumb Code    18  w7500x_uart.o(.text)
    S_UART_GetFlagStatus                     0x00000c6f   Thumb Code    16  w7500x_uart.o(.text)
    S_UART_ClearFlag                         0x00000c7f   Thumb Code    10  w7500x_uart.o(.text)
    S_UART_GetITStatus                       0x00000c89   Thumb Code    16  w7500x_uart.o(.text)
    S_UART_ClearITPendingBit                 0x00000c99   Thumb Code     6  w7500x_uart.o(.text)
    UART_DMA_Config                          0x00000c9f   Thumb Code    14  w7500x_uart.o(.text)
    WIZCHIP_READ                             0x00000cc9   Thumb Code     4  w7500x_wztoe.o(.text)
    WIZCHIP_WRITE                            0x00000ccd   Thumb Code     4  w7500x_wztoe.o(.text)
    WIZCHIP_READ_BUF                         0x00000cd1   Thumb Code    24  w7500x_wztoe.o(.text)
    WIZCHIP_WRITE_BUF                        0x00000ce9   Thumb Code    24  w7500x_wztoe.o(.text)
    wiz_send_data                            0x00000d01   Thumb Code    40  w7500x_wztoe.o(.text)
    wiz_recv_data                            0x00000d29   Thumb Code    40  w7500x_wztoe.o(.text)
    wiz_recv_macraw_data                     0x00000d51   Thumb Code    52  w7500x_wztoe.o(.text)
    wiz_recv_ignore                          0x00000d85   Thumb Code    32  w7500x_wztoe.o(.text)
    PHY_Reset                                0x00000eed   Thumb Code     8  w7500x_miim.o(.text)
    PHY_Init                                 0x00000ef5   Thumb Code   120  w7500x_miim.o(.text)
    PHY_GetLinkStatus                        0x00000f6d   Thumb Code    24  w7500x_miim.o(.text)
    PHY_SetLinkType                          0x00000f85   Thumb Code    46  w7500x_miim.o(.text)
    NVIC_Init                                0x00000fd1   Thumb Code    70  w7500x_misc.o(.text)
    close                                    0x00001021   Thumb Code    96  socket.o(.text)
    socket                                   0x00001081   Thumb Code   214  socket.o(.text)
    listen                                   0x00001157   Thumb Code   110  socket.o(.text)
    connect                                  0x000011c5   Thumb Code   264  socket.o(.text)
    disconnect                               0x000012cd   Thumb Code   132  socket.o(.text)
    send                                     0x00001351   Thumb Code   288  socket.o(.text)
    recv                                     0x00001471   Thumb Code   206  socket.o(.text)
    sendto                                   0x0000153f   Thumb Code   356  socket.o(.text)
    recvfrom                                 0x000016a3   Thumb Code   472  socket.o(.text)
    ctlsocket                                0x0000187b   Thumb Code   170  socket.o(.text)
    setsockopt                               0x00001925   Thumb Code   208  socket.o(.text)
    getsockopt                               0x000019f5   Thumb Code   234  socket.o(.text)
    wizchip_cris_enter                       0x00001af9   Thumb Code     2  wizchip_conf.o(.text)
    wizchip_cris_exit                        0x00001afb   Thumb Code     2  wizchip_conf.o(.text)
    wizchip_cs_select                        0x00001afd   Thumb Code     2  wizchip_conf.o(.text)
    wizchip_cs_deselect                      0x00001aff   Thumb Code     2  wizchip_conf.o(.text)
    wizchip_bus_readbyte                     0x00001b01   Thumb Code     4  wizchip_conf.o(.text)
    wizchip_bus_writebyte                    0x00001b05   Thumb Code     4  wizchip_conf.o(.text)
    wizchip_spi_readbyte                     0x00001b09   Thumb Code     4  wizchip_conf.o(.text)
    wizchip_spi_writebyte                    0x00001b0d   Thumb Code     2  wizchip_conf.o(.text)
    reg_wizchip_cris_cbfunc                  0x00001b0f   Thumb Code    26  wizchip_conf.o(.text)
    reg_wizchip_cs_cbfunc                    0x00001b29   Thumb Code    26  wizchip_conf.o(.text)
    reg_wizchip_bus_cbfunc                   0x00001b43   Thumb Code    34  wizchip_conf.o(.text)
    reg_wizchip_spi_cbfunc                   0x00001b65   Thumb Code    34  wizchip_conf.o(.text)
    wizphy_getphylink                        0x00001b87   Thumb Code     6  wizchip_conf.o(.text)
    wizphy_getphypmode                       0x00001b8d   Thumb Code     6  wizchip_conf.o(.text)
    wizchip_getinterruptmask                 0x00001b93   Thumb Code    26  wizchip_conf.o(.text)
    wizchip_setinterruptmask                 0x00001bad   Thumb Code    28  wizchip_conf.o(.text)
    wizchip_getinterrupt                     0x00001bc9   Thumb Code    28  wizchip_conf.o(.text)
    wizchip_clrinterrupt                     0x00001be5   Thumb Code    30  wizchip_conf.o(.text)
    wizchip_sw_reset                         0x00001c03   Thumb Code   332  wizchip_conf.o(.text)
    wizchip_init                             0x00001d4f   Thumb Code   118  wizchip_conf.o(.text)
    ctlwizchip                               0x00001dc5   Thumb Code   114  wizchip_conf.o(.text)
    wizchip_gettimeout                       0x00001e37   Thumb Code    24  wizchip_conf.o(.text)
    wizchip_settimeout                       0x00001e4f   Thumb Code    24  wizchip_conf.o(.text)
    wizchip_getnetmode                       0x00001e67   Thumb Code    10  wizchip_conf.o(.text)
    wizchip_setnetmode                       0x00001e71   Thumb Code    38  wizchip_conf.o(.text)
    wizchip_getnetinfo                       0x00001e97   Thumb Code   264  wizchip_conf.o(.text)
    wizchip_setnetinfo                       0x00001f9f   Thumb Code   210  wizchip_conf.o(.text)
    ctlnetwork                               0x00002071   Thumb Code    74  wizchip_conf.o(.text)
    default_ip_assign                        0x000020c5   Thumb Code   128  dhcp.o(.text)
    default_ip_update                        0x00002145   Thumb Code    88  dhcp.o(.text)
    default_ip_conflict                      0x0000219d   Thumb Code    84  dhcp.o(.text)
    reg_dhcp_cbfunc                          0x000021f1   Thumb Code    38  dhcp.o(.text)
    makeDHCPMSG                              0x00002217   Thumb Code   190  dhcp.o(.text)
    send_DHCP_DISCOVER                       0x000022d5   Thumb Code   358  dhcp.o(.text)
    send_DHCP_REQUEST                        0x0000243b   Thumb Code   558  dhcp.o(.text)
    send_DHCP_DECLINE                        0x00002669   Thumb Code   256  dhcp.o(.text)
    parseDHCPMSG                             0x00002769   Thumb Code   304  dhcp.o(.text)
    reset_DHCP_timeout                       0x00002899   Thumb Code    16  dhcp.o(.text)
    check_DHCP_timeout                       0x000028a9   Thumb Code   104  dhcp.o(.text)
    check_DHCP_leasedIP                      0x00002911   Thumb Code   112  dhcp.o(.text)
    DHCP_run                                 0x00002981   Thumb Code   284  dhcp.o(.text)
    DHCP_stop                                0x00002a9d   Thumb Code    16  dhcp.o(.text)
    DHCP_init                                0x00002aad   Thumb Code   332  dhcp.o(.text)
    DHCP_time_handler                        0x00002bf9   Thumb Code    10  dhcp.o(.text)
    getIPfromDHCP                            0x00002c03   Thumb Code    22  dhcp.o(.text)
    getGWfromDHCP                            0x00002c19   Thumb Code    22  dhcp.o(.text)
    getSNfromDHCP                            0x00002c2f   Thumb Code    22  dhcp.o(.text)
    getDNSfromDHCP                           0x00002c45   Thumb Code    22  dhcp.o(.text)
    getDHCPLeasetime                         0x00002c5b   Thumb Code     6  dhcp.o(.text)
    WebServer                                0x00002cbb   Thumb Code   514  main.o(.text)
    main                                     0x00002f7f   Thumb Code   750  main.o(.text)
    dhcp_assign                              0x0000326d   Thumb Code    44  main.o(.text)
    dhcp_update                              0x00003299   Thumb Code     2  main.o(.text)
    dhcp_conflict                            0x0000329b   Thumb Code     2  main.o(.text)
    delay                                    0x0000329d   Thumb Code    16  main.o(.text)
    TimingDelay_Decrement                    0x000032ad   Thumb Code    16  main.o(.text)
    S_UartPutc                               0x00003371   Thumb Code    12  retarget.o(.text)
    fputc                                    0x0000337d   Thumb Code     4  retarget.o(.text)
    S_UartGetc                               0x00003381   Thumb Code    18  retarget.o(.text)
    fgetc                                    0x00003393   Thumb Code    12  retarget.o(.text)
    ferror                                   0x0000339f   Thumb Code     6  retarget.o(.text)
    _ttywrch                                 0x000033a5   Thumb Code    10  retarget.o(.text)
    _sys_exit                                0x000033af   Thumb Code     2  retarget.o(.text)
    UartPutc                                 0x000033b1   Thumb Code    20  retarget.o(.text)
    UartPuts                                 0x000033c5   Thumb Code    28  retarget.o(.text)
    UartGetc                                 0x000033e1   Thumb Code    12  retarget.o(.text)
    S_UartPuts                               0x000033ed   Thumb Code    24  retarget.o(.text)
    NMI_Handler                              0x00003409   Thumb Code     2  w7500x_it.o(.text)
    HardFault_Handler                        0x0000340b   Thumb Code     2  w7500x_it.o(.text)
    SVC_Handler                              0x0000340d   Thumb Code     2  w7500x_it.o(.text)
    PendSV_Handler                           0x0000340f   Thumb Code     2  w7500x_it.o(.text)
    SysTick_Handler                          0x00003411   Thumb Code     8  w7500x_it.o(.text)
    SSP0_Handler                             0x00003419   Thumb Code     2  w7500x_it.o(.text)
    SSP1_Handler                             0x0000341b   Thumb Code     2  w7500x_it.o(.text)
    UART0_Handler                            0x0000341d   Thumb Code     2  w7500x_it.o(.text)
    UART1_Handler                            0x0000341f   Thumb Code     2  w7500x_it.o(.text)
    UART2_Handler                            0x00003421   Thumb Code     2  w7500x_it.o(.text)
    PORT0_Handler                            0x00003423   Thumb Code     2  w7500x_it.o(.text)
    PORT1_Handler                            0x00003425   Thumb Code     2  w7500x_it.o(.text)
    PORT2_Handler                            0x00003427   Thumb Code     2  w7500x_it.o(.text)
    PORT3_Handler                            0x00003429   Thumb Code     2  w7500x_it.o(.text)
    DMA_Handler                              0x0000342b   Thumb Code     2  w7500x_it.o(.text)
    DUALTIMER0_Handler                       0x0000342d   Thumb Code    26  w7500x_it.o(.text)
    DUALTIMER1_Handler                       0x00003447   Thumb Code     2  w7500x_it.o(.text)
    PWM0_Handler                             0x00003449   Thumb Code     2  w7500x_it.o(.text)
    PWM1_Handler                             0x0000344b   Thumb Code     2  w7500x_it.o(.text)
    PWM2_Handler                             0x0000344d   Thumb Code     2  w7500x_it.o(.text)
    PWM3_Handler                             0x0000344f   Thumb Code     2  w7500x_it.o(.text)
    PWM4_Handler                             0x00003451   Thumb Code     2  w7500x_it.o(.text)
    PWM5_Handler                             0x00003453   Thumb Code     2  w7500x_it.o(.text)
    PWM6_Handler                             0x00003455   Thumb Code     2  w7500x_it.o(.text)
    PWM7_Handler                             0x00003457   Thumb Code     2  w7500x_it.o(.text)
    RTC_Handler                              0x00003459   Thumb Code     2  w7500x_it.o(.text)
    ADC_Handler                              0x0000345b   Thumb Code     2  w7500x_it.o(.text)
    WZTOE_Handler                            0x0000345d   Thumb Code     2  w7500x_it.o(.text)
    EXTI_Handler                             0x0000345f   Thumb Code     2  w7500x_it.o(.text)
    __I$use$semihosting                      0x00003465   Thumb Code     0  use_no_semi.o(.text)
    __use_no_semihosting_swi                 0x00003465   Thumb Code     2  use_no_semi.o(.text)
    __2printf                                0x00003469   Thumb Code    22  noretval__2printf.o(.text)
    __2sprintf                               0x00003485   Thumb Code    36  noretval__2sprintf.o(.text)
    _printf_pre_padding                      0x000034ad   Thumb Code    44  _printf_pad.o(.text)
    _printf_post_padding                     0x000034d9   Thumb Code    34  _printf_pad.o(.text)
    _printf_str                              0x000034fb   Thumb Code    82  _printf_str.o(.text)
    _printf_int_dec                          0x0000354d   Thumb Code    90  _printf_dec.o(.text)
    _printf_int_hex                          0x000035b9   Thumb Code    84  _printf_hex_int.o(.text)
    _printf_longlong_hex                     0x000035b9   Thumb Code     0  _printf_hex_int.o(.text)
    __printf                                 0x00003611   Thumb Code   386  __printf_flags_ss_wp.o(.text)
    strlen                                   0x00003799   Thumb Code    62  strlen.o(.text)
    strncmp                                  0x000037dd   Thumb Code   154  strncmp.o(.text)
    __aeabi_memcpy                           0x0000387d   Thumb Code   130  rt_memcpy.o(.text)
    __rt_memcpy                              0x0000387d   Thumb Code     0  rt_memcpy.o(.text)
    _memset_w                                0x000038ff   Thumb Code    26  rt_memclr.o(.text)
    _memset                                  0x00003919   Thumb Code    30  rt_memclr.o(.text)
    __aeabi_memclr                           0x00003937   Thumb Code     4  rt_memclr.o(.text)
    __rt_memclr                              0x00003937   Thumb Code     0  rt_memclr.o(.text)
    __aeabi_memclr4                          0x0000393b   Thumb Code     0  rt_memclr.o(.text)
    __aeabi_memclr8                          0x0000393b   Thumb Code     0  rt_memclr.o(.text)
    __rt_memclr_w                            0x0000393b   Thumb Code     4  rt_memclr.o(.text)
    __aeabi_uidiv                            0x0000393f   Thumb Code     0  aeabi_sdiv.o(.text)
    __aeabi_uidivmod                         0x0000393f   Thumb Code    20  aeabi_sdiv.o(.text)
    __aeabi_idiv                             0x00003953   Thumb Code     0  aeabi_sdiv.o(.text)
    __aeabi_idivmod                          0x00003953   Thumb Code   326  aeabi_sdiv.o(.text)
    __use_two_region_memory                  0x00003a99   Thumb Code     2  heapauxi.o(.text)
    __rt_heap_escrow$2region                 0x00003a9b   Thumb Code     2  heapauxi.o(.text)
    __rt_heap_expand$2region                 0x00003a9d   Thumb Code     2  heapauxi.o(.text)
    __aeabi_dadd                             0x00003d99   Thumb Code     0  daddsub.o(.text)
    _dadd                                    0x00003d99   Thumb Code    26  daddsub.o(.text)
    __aeabi_dsub                             0x00003db3   Thumb Code     0  daddsub.o(.text)
    _dsub                                    0x00003db3   Thumb Code    22  daddsub.o(.text)
    __aeabi_drsub                            0x00003dc9   Thumb Code     0  daddsub.o(.text)
    _drsb                                    0x00003dc9   Thumb Code    28  daddsub.o(.text)
    __aeabi_d2uiz                            0x00003df9   Thumb Code     0  dfixui.o(.text)
    _dfixu                                   0x00003df9   Thumb Code    68  dfixui.o(.text)
    __aeabi_f2d                              0x00003e41   Thumb Code     0  f2d.o(.text)
    _f2d                                     0x00003e41   Thumb Code    80  f2d.o(.text)
    __aeabi_fdiv                             0x00003e95   Thumb Code     0  fdiv.o(.text)
    _fdiv                                    0x00003e95   Thumb Code   334  fdiv.o(.text)
    _frdiv                                   0x00003fe3   Thumb Code     8  fdiv.o(.text)
    __aeabi_f2uiz                            0x00003ff5   Thumb Code     0  ffixui.o(.text)
    _ffixu                                   0x00003ff5   Thumb Code    48  ffixui.o(.text)
    __aeabi_i2f_normalise                    0x00004025   Thumb Code    72  fflti.o(.text)
    __aeabi_i2f                              0x0000406d   Thumb Code    16  fflti.o(.text)
    _fflt                                    0x0000406d   Thumb Code     0  fflti.o(.text)
    __aeabi_ui2f                             0x0000407d   Thumb Code     6  fflti.o(.text)
    _ffltu                                   0x0000407d   Thumb Code     0  fflti.o(.text)
    __ARM_scalbnf                            0x00004085   Thumb Code    64  fscalbn.o(.text)
    _printf_int_common                       0x000040c9   Thumb Code   176  _printf_intcommon.o(.text)
    _printf_char_common                      0x00004183   Thumb Code    32  _printf_char_common.o(.text)
    _sputc                                   0x000041a9   Thumb Code    10  _sputc.o(.text)
    _printf_cs_common                        0x000041b3   Thumb Code    22  _printf_char.o(.text)
    _printf_char                             0x000041c9   Thumb Code    16  _printf_char.o(.text)
    _printf_string                           0x000041d9   Thumb Code     8  _printf_char.o(.text)
    _printf_char_file                        0x000041e1   Thumb Code    34  _printf_char_file.o(.text)
    __rt_udiv10                              0x00004209   Thumb Code    40  rtudiv10.o(.text)
    __user_setup_stackheap                   0x00004231   Thumb Code    62  sys_stackheap_outer.o(.text)
    exit                                     0x0000426f   Thumb Code    16  exit.o(.text)
    __user_libspace                          0x00004281   Thumb Code     8  libspace.o(.text)
    __user_perproc_libspace                  0x00004281   Thumb Code     0  libspace.o(.text)
    __user_perthread_libspace                0x00004281   Thumb Code     0  libspace.o(.text)
    __ARM_common_switch8                     0x00004289   Thumb Code    26  socket.o(i.__ARM_common_switch8)
    _is_digit                                0x000042a3   Thumb Code    14  __printf_wp.o(i._is_digit)
    __aeabi_fadd                             0x000042b1   Thumb Code     0  faddsub.o(x$fpl$fadd)
    _fadd                                    0x000042b1   Thumb Code   134  faddsub.o(x$fpl$fadd)
    __aeabi_frsub                            0x0000433d   Thumb Code     0  faddsub.o(x$fpl$frsb)
    _frsb                                    0x0000433d   Thumb Code    24  faddsub.o(x$fpl$frsb)
    __aeabi_fsub                             0x00004355   Thumb Code     0  faddsub.o(x$fpl$fsub)
    _fsub                                    0x00004355   Thumb Code   204  faddsub.o(x$fpl$fsub)
    __I$use$fp                               0x00004424   Number         0  usenofp.o(x$fpl$usenofp)
    Region$$Table$$Base                      0x00004508   Number         0  anon$$obj.o(Region$$Table)
    Region$$Table$$Limit                     0x00004528   Number         0  anon$$obj.o(Region$$Table)
    WIZCHIP                                  0x2000002c   Data          32  wizchip_conf.o(.data)
    dhcp_state                               0x2000004c   Data           1  dhcp.o(.data)
    dhcp_retry_count                         0x2000004d   Data           1  dhcp.o(.data)
    DHCP_SOCKET                              0x2000004e   Data           1  dhcp.o(.data)
    OLD_allocated_ip                         0x2000004f   Data           4  dhcp.o(.data)
    DHCP_allocated_ip                        0x20000053   Data           4  dhcp.o(.data)
    DHCP_allocated_gw                        0x20000057   Data           4  dhcp.o(.data)
    DHCP_allocated_sn                        0x2000005b   Data           4  dhcp.o(.data)
    DHCP_allocated_dns                       0x2000005f   Data           4  dhcp.o(.data)
    dhcp_lease_time                          0x20000064   Data           4  dhcp.o(.data)
    dhcp_tick_1s                             0x20000068   Data           4  dhcp.o(.data)
    dhcp_tick_next                           0x2000006c   Data           4  dhcp.o(.data)
    dhcp_ip_assign                           0x20000070   Data           4  dhcp.o(.data)
    dhcp_ip_update                           0x20000074   Data           4  dhcp.o(.data)
    dhcp_ip_conflict                         0x20000078   Data           4  dhcp.o(.data)
    DHCP_SIP                                 0x2000007c   Data           4  dhcp.o(.data)
    DHCP_XID                                 0x20000080   Data           4  dhcp.o(.data)
    pDHCPMSG                                 0x20000084   Data           4  dhcp.o(.data)
    DHCP_CHADDR                              0x20000088   Data           6  dhcp.o(.data)
    HOST_NAME                                0x2000008e   Data           8  dhcp.o(.data)
    Lock_state                               0x20000098   Data           1  main.o(.data)
    __stdout                                 0x200000a0   Data           4  retarget.o(.data)
    test_buf                                 0x200000b4   Data        2048  main.o(.bss)
    gWIZNETINFO                              0x200008b4   Data          23  main.o(.bss)
    __libspace_start                         0x200008cc   Data          96  libspace.o(.bss)
    __temporary_stack_top$libspace           0x2000092c   Data           0  libspace.o(.bss)



==============================================================================

Memory Map of the image

  Image Entry point : 0x000000a9

  Load Region LR_IROM1 (Base: 0x00000000, Size: 0x000045cc, Max: 0x00020000, ABSOLUTE)

    Execution Region ER_IROM1 (Exec base: 0x00000000, Load base: 0x00000000, Size: 0x00004528, Max: 0x00020000, ABSOLUTE)

    Exec Addr    Load Addr    Size         Type   Attr      Idx    E Section Name        Object

    0x00000000   0x00000000   0x000000a8   Data   RO            3    RESET               startup_w7500x.o
    0x000000a8   0x000000a8   0x00000008   Code   RO          793  * !!!main             c_p.l(__main.o)
    0x000000b0   0x000000b0   0x0000003c   Code   RO          995    !!!scatter          c_p.l(__scatter.o)
    0x000000ec   0x000000ec   0x0000001a   Code   RO          997    !!handler_copy      c_p.l(__scatter_copy.o)
    0x00000106   0x00000106   0x00000002   PAD
    0x00000108   0x00000108   0x0000001c   Code   RO          999    !!handler_zi        c_p.l(__scatter_zi.o)
    0x00000124   0x00000124   0x00000002   Code   RO          770    .ARM.Collect$$_printf_percent$$00000000  c_p.l(_printf_percent.o)
    0x00000126   0x00000126   0x0000000a   Code   RO          769    .ARM.Collect$$_printf_percent$$00000009  c_p.l(_printf_d.o)
    0x00000130   0x00000130   0x0000000a   Code   RO          768    .ARM.Collect$$_printf_percent$$0000000C  c_p.l(_printf_x.o)
    0x0000013a   0x0000013a   0x0000000a   Code   RO          767    .ARM.Collect$$_printf_percent$$00000014  c_p.l(_printf_s.o)
    0x00000144   0x00000144   0x00000004   Code   RO          831    .ARM.Collect$$_printf_percent$$00000017  c_p.l(_printf_percent_end.o)
    0x00000148   0x00000148   0x00000002   Code   RO          868    .ARM.Collect$$libinit$$00000000  c_p.l(libinit.o)
    0x0000014a   0x0000014a   0x00000000   Code   RO          882    .ARM.Collect$$libinit$$00000002  c_p.l(libinit2.o)
    0x0000014a   0x0000014a   0x00000000   Code   RO          884    .ARM.Collect$$libinit$$00000004  c_p.l(libinit2.o)
    0x0000014a   0x0000014a   0x00000000   Code   RO          887    .ARM.Collect$$libinit$$0000000A  c_p.l(libinit2.o)
    0x0000014a   0x0000014a   0x00000000   Code   RO          889    .ARM.Collect$$libinit$$0000000C  c_p.l(libinit2.o)
    0x0000014a   0x0000014a   0x00000000   Code   RO          891    .ARM.Collect$$libinit$$0000000E  c_p.l(libinit2.o)
    0x0000014a   0x0000014a   0x00000000   Code   RO          894    .ARM.Collect$$libinit$$00000011  c_p.l(libinit2.o)
    0x0000014a   0x0000014a   0x00000000   Code   RO          896    .ARM.Collect$$libinit$$00000013  c_p.l(libinit2.o)
    0x0000014a   0x0000014a   0x00000000   Code   RO          898    .ARM.Collect$$libinit$$00000015  c_p.l(libinit2.o)
    0x0000014a   0x0000014a   0x00000000   Code   RO          900    .ARM.Collect$$libinit$$00000017  c_p.l(libinit2.o)
    0x0000014a   0x0000014a   0x00000000   Code   RO          902    .ARM.Collect$$libinit$$00000019  c_p.l(libinit2.o)
    0x0000014a   0x0000014a   0x00000000   Code   RO          904    .ARM.Collect$$libinit$$0000001B  c_p.l(libinit2.o)
    0x0000014a   0x0000014a   0x00000000   Code   RO          906    .ARM.Collect$$libinit$$0000001D  c_p.l(libinit2.o)
    0x0000014a   0x0000014a   0x00000000   Code   RO          908    .ARM.Collect$$libinit$$0000001F  c_p.l(libinit2.o)
    0x0000014a   0x0000014a   0x00000000   Code   RO          910    .ARM.Collect$$libinit$$00000021  c_p.l(libinit2.o)
    0x0000014a   0x0000014a   0x00000000   Code   RO          912    .ARM.Collect$$libinit$$00000023  c_p.l(libinit2.o)
    0x0000014a   0x0000014a   0x00000000   Code   RO          914    .ARM.Collect$$libinit$$00000025  c_p.l(libinit2.o)
    0x0000014a   0x0000014a   0x00000000   Code   RO          918    .ARM.Collect$$libinit$$0000002C  c_p.l(libinit2.o)
    0x0000014a   0x0000014a   0x00000000   Code   RO          920    .ARM.Collect$$libinit$$0000002E  c_p.l(libinit2.o)
    0x0000014a   0x0000014a   0x00000000   Code   RO          922    .ARM.Collect$$libinit$$00000030  c_p.l(libinit2.o)
    0x0000014a   0x0000014a   0x00000000   Code   RO          924    .ARM.Collect$$libinit$$00000032  c_p.l(libinit2.o)
    0x0000014a   0x0000014a   0x00000002   Code   RO          925    .ARM.Collect$$libinit$$00000033  c_p.l(libinit2.o)
    0x0000014c   0x0000014c   0x00000002   Code   RO          949    .ARM.Collect$$libshutdown$$00000000  c_p.l(libshutdown.o)
    0x0000014e   0x0000014e   0x00000000   Code   RO          975    .ARM.Collect$$libshutdown$$00000002  c_p.l(libshutdown2.o)
    0x0000014e   0x0000014e   0x00000000   Code   RO          977    .ARM.Collect$$libshutdown$$00000004  c_p.l(libshutdown2.o)
    0x0000014e   0x0000014e   0x00000000   Code   RO          979    .ARM.Collect$$libshutdown$$00000006  c_p.l(libshutdown2.o)
    0x0000014e   0x0000014e   0x00000000   Code   RO          982    .ARM.Collect$$libshutdown$$00000009  c_p.l(libshutdown2.o)
    0x0000014e   0x0000014e   0x00000000   Code   RO          985    .ARM.Collect$$libshutdown$$0000000C  c_p.l(libshutdown2.o)
    0x0000014e   0x0000014e   0x00000000   Code   RO          987    .ARM.Collect$$libshutdown$$0000000E  c_p.l(libshutdown2.o)
    0x0000014e   0x0000014e   0x00000000   Code   RO          990    .ARM.Collect$$libshutdown$$00000011  c_p.l(libshutdown2.o)
    0x0000014e   0x0000014e   0x00000002   Code   RO          991    .ARM.Collect$$libshutdown$$00000012  c_p.l(libshutdown2.o)
    0x00000150   0x00000150   0x00000000   Code   RO          816    .ARM.Collect$$rtentry$$00000000  c_p.l(__rtentry.o)
    0x00000150   0x00000150   0x00000000   Code   RO          836    .ARM.Collect$$rtentry$$00000002  c_p.l(__rtentry2.o)
    0x00000150   0x00000150   0x00000006   Code   RO          848    .ARM.Collect$$rtentry$$00000004  c_p.l(__rtentry4.o)
    0x00000156   0x00000156   0x00000000   Code   RO          838    .ARM.Collect$$rtentry$$00000009  c_p.l(__rtentry2.o)
    0x00000156   0x00000156   0x00000004   Code   RO          839    .ARM.Collect$$rtentry$$0000000A  c_p.l(__rtentry2.o)
    0x0000015a   0x0000015a   0x00000000   Code   RO          841    .ARM.Collect$$rtentry$$0000000C  c_p.l(__rtentry2.o)
    0x0000015a   0x0000015a   0x00000008   Code   RO          842    .ARM.Collect$$rtentry$$0000000D  c_p.l(__rtentry2.o)
    0x00000162   0x00000162   0x00000002   Code   RO          873    .ARM.Collect$$rtexit$$00000000  c_p.l(rtexit.o)
    0x00000164   0x00000164   0x00000000   Code   RO          927    .ARM.Collect$$rtexit$$00000002  c_p.l(rtexit2.o)
    0x00000164   0x00000164   0x00000004   Code   RO          928    .ARM.Collect$$rtexit$$00000003  c_p.l(rtexit2.o)
    0x00000168   0x00000168   0x00000006   Code   RO          929    .ARM.Collect$$rtexit$$00000004  c_p.l(rtexit2.o)
    0x0000016e   0x0000016e   0x00000002   PAD
    0x00000170   0x00000170   0x00000038   Code   RO          779    .emb_text           c_p.l(rt_memcpy.o)
    0x000001a8   0x000001a8   0x00000038   Code   RO            4    .text               startup_w7500x.o
    0x000001e0   0x000001e0   0x00000054   Code   RO           12    .text               system_w7500x.o
    0x00000234   0x00000234   0x00000260   Code   RO          128    .text               w7500x_crg.o
    0x00000494   0x00000494   0x000000c6   Code   RO          148    .text               w7500x_dualtimer.o
    0x0000055a   0x0000055a   0x00000002   PAD
    0x0000055c   0x0000055c   0x000002f8   Code   RO          189    .text               w7500x_gpio.o
    0x00000854   0x00000854   0x00000238   Code   RO          210    .text               w7500x_pwm.o
    0x00000a8c   0x00000a8c   0x0000023c   Code   RO          270    .text               w7500x_uart.o
    0x00000cc8   0x00000cc8   0x000000e8   Code   RO          316    .text               w7500x_wztoe.o
    0x00000db0   0x00000db0   0x00000220   Code   RO          337    .text               w7500x_miim.o
    0x00000fd0   0x00000fd0   0x00000050   Code   RO          360    .text               w7500x_misc.o
    0x00001020   0x00001020   0x00000ad8   Code   RO          487    .text               socket.o
    0x00001af8   0x00001af8   0x000005cc   Code   RO          512    .text               wizchip_conf.o
    0x000020c4   0x000020c4   0x00000bac   Code   RO          546    .text               dhcp.o
    0x00002c70   0x00002c70   0x00000700   Code   RO          610    .text               main.o
    0x00003370   0x00003370   0x00000098   Code   RO          647    .text               retarget.o
    0x00003408   0x00003408   0x0000005c   Code   RO          685    .text               w7500x_it.o
    0x00003464   0x00003464   0x00000002   Code   RO          708    .text               c_p.l(use_no_semi.o)
    0x00003466   0x00003466   0x00000002   PAD
    0x00003468   0x00003468   0x0000001c   Code   RO          714    .text               c_p.l(noretval__2printf.o)
    0x00003484   0x00003484   0x00000028   Code   RO          716    .text               c_p.l(noretval__2sprintf.o)
    0x000034ac   0x000034ac   0x0000004e   Code   RO          720    .text               c_p.l(_printf_pad.o)
    0x000034fa   0x000034fa   0x00000052   Code   RO          722    .text               c_p.l(_printf_str.o)
    0x0000354c   0x0000354c   0x0000006c   Code   RO          724    .text               c_p.l(_printf_dec.o)
    0x000035b8   0x000035b8   0x00000058   Code   RO          729    .text               c_p.l(_printf_hex_int.o)
    0x00003610   0x00003610   0x00000188   Code   RO          764    .text               c_p.l(__printf_flags_ss_wp.o)
    0x00003798   0x00003798   0x00000044   Code   RO          775    .text               c_p.l(strlen.o)
    0x000037dc   0x000037dc   0x000000a0   Code   RO          777    .text               c_p.l(strncmp.o)
    0x0000387c   0x0000387c   0x00000082   Code   RO          780    .text               c_p.l(rt_memcpy.o)
    0x000038fe   0x000038fe   0x00000040   Code   RO          783    .text               c_p.l(rt_memclr.o)
    0x0000393e   0x0000393e   0x0000015a   Code   RO          787    .text               c_p.l(aeabi_sdiv.o)
    0x00003a98   0x00003a98   0x00000006   Code   RO          791    .text               c_p.l(heapauxi.o)
    0x00003a9e   0x00003a9e   0x00000002   PAD
    0x00003aa0   0x00003aa0   0x00000358   Code   RO          795    .text               fz_ps.l(daddsub.o)
    0x00003df8   0x00003df8   0x00000048   Code   RO          797    .text               fz_ps.l(dfixui.o)
    0x00003e40   0x00003e40   0x00000054   Code   RO          799    .text               fz_ps.l(f2d.o)
    0x00003e94   0x00003e94   0x00000160   Code   RO          807    .text               fz_ps.l(fdiv.o)
    0x00003ff4   0x00003ff4   0x00000030   Code   RO          810    .text               fz_ps.l(ffixui.o)
    0x00004024   0x00004024   0x0000005e   Code   RO          812    .text               fz_ps.l(fflti.o)
    0x00004082   0x00004082   0x00000002   PAD
    0x00004084   0x00004084   0x00000044   Code   RO          814    .text               fz_ps.l(fscalbn.o)
    0x000040c8   0x000040c8   0x000000b0   Code   RO          821    .text               c_p.l(_printf_intcommon.o)
    0x00004178   0x00004178   0x00000030   Code   RO          823    .text               c_p.l(_printf_char_common.o)
    0x000041a8   0x000041a8   0x0000000a   Code   RO          825    .text               c_p.l(_sputc.o)
    0x000041b2   0x000041b2   0x0000002e   Code   RO          827    .text               c_p.l(_printf_char.o)
    0x000041e0   0x000041e0   0x00000028   Code   RO          829    .text               c_p.l(_printf_char_file.o)
    0x00004208   0x00004208   0x00000028   Code   RO          832    .text               c_p.l(rtudiv10.o)
    0x00004230   0x00004230   0x0000003e   Code   RO          854    .text               c_p.l(sys_stackheap_outer.o)
    0x0000426e   0x0000426e   0x00000010   Code   RO          857    .text               c_p.l(exit.o)
    0x0000427e   0x0000427e   0x00000002   PAD
    0x00004280   0x00004280   0x00000008   Code   RO          869    .text               c_p.l(libspace.o)
    0x00004288   0x00004288   0x0000001a   Code   RO          505    i.__ARM_common_switch8  socket.o
    0x000042a2   0x000042a2   0x0000000e   Code   RO          757    i._is_digit         c_p.l(__printf_wp.o)
    0x000042b0   0x000042b0   0x0000008c   Code   RO          801    x$fpl$fadd          fz_ps.l(faddsub.o)
    0x0000433c   0x0000433c   0x00000018   Code   RO          802    x$fpl$frsb          fz_ps.l(faddsub.o)
    0x00004354   0x00004354   0x000000d0   Code   RO          803    x$fpl$fsub          fz_ps.l(faddsub.o)
    0x00004424   0x00004424   0x00000000   Code   RO          834    x$fpl$usenofp       fz_ps.l(usenofp.o)
    0x00004424   0x00004424   0x00000028   Data   RO          730    .constdata          c_p.l(_printf_hex_int.o)
    0x0000444c   0x0000444c   0x00000011   Data   RO          765    .constdata          c_p.l(__printf_flags_ss_wp.o)
    0x0000445d   0x0000445d   0x00000040   Data   RO          808    .constdata          fz_ps.l(fdiv.o)
    0x0000449d   0x0000449d   0x00000003   PAD
    0x000044a0   0x000044a0   0x00000065   Data   RO          612    .conststring        main.o
    0x00004505   0x00004505   0x00000003   PAD
    0x00004508   0x00004508   0x00000020   Data   RO          993    Region$$Table       anon$$obj.o


    Execution Region RW_IRAM1 (Exec base: 0x20000000, Load base: 0x00004528, Size: 0x00001130, Max: 0x00004000, ABSOLUTE)

    Exec Addr    Load Addr    Size         Type   Attr      Idx    E Section Name        Object

    0x20000000   0x00004528   0x00000008   Data   RW           13    .data               system_w7500x.o
    0x20000008   0x00004530   0x0000000c   Data   RW          338    .data               w7500x_miim.o
    0x20000014   0x0000453c   0x0000000e   Data   RW          489    .data               socket.o
    0x20000022   0x0000454a   0x00000002   PAD
    0x20000024   0x0000454c   0x00000028   Data   RW          513    .data               wizchip_conf.o
    0x2000004c   0x00004574   0x0000004a   Data   RW          547    .data               dhcp.o
    0x20000096   0x000045be   0x00000002   PAD
    0x20000098   0x000045c0   0x00000008   Data   RW          613    .data               main.o
    0x200000a0   0x000045c8   0x00000004   Data   RW          648    .data               retarget.o
    0x200000a4        -       0x00000010   Zero   RW          488    .bss                socket.o
    0x200000b4        -       0x00000817   Zero   RW          611    .bss                main.o
    0x200008cb   0x000045cc   0x00000001   PAD
    0x200008cc        -       0x00000060   Zero   RW          870    .bss                c_p.l(libspace.o)
    0x2000092c   0x000045cc   0x00000004   PAD
    0x20000930        -       0x00000400   Zero   RW            2    HEAP                startup_w7500x.o
    0x20000d30        -       0x00000400   Zero   RW            1    STACK               startup_w7500x.o


==============================================================================

Image component sizes


      Code (inc. data)   RO Data    RW Data    ZI Data      Debug   Object Name

      2988         84          0         74          0       9855   dhcp.o
         0          0          0          0          0       4402   loopback.o
      1792        614        101          8       2071      10237   main.o
       152          4          0          4          0       4488   retarget.o
      2802        104          0         14         16       9007   socket.o
        56         26        168          0       2048        804   startup_w7500x.o
        84         24          0          8          0      57223   system_w7500x.o
       608         10          0          0          0       5344   w7500x_crg.o
       198          0          0          0          0       3045   w7500x_dualtimer.o
       760         14          0          0          0       6592   w7500x_gpio.o
        92          4          0          0          0       3100   w7500x_it.o
       544         12          0         12          0       3961   w7500x_miim.o
        80         10          0          0          0       1052   w7500x_misc.o
       568         36          0          0          0       3596   w7500x_pwm.o
       572         28          0          0          0      12315   w7500x_uart.o
       232         12          0          0          0       3123   w7500x_wztoe.o
      1484         82          0         40          0      10626   wizchip_conf.o

    ----------------------------------------------------------------------
     13014       1064        304        164       4136     148770   Object Totals
         0          0         32          0          0          0   (incl. Generated)
         2          0          3          4          1          0   (incl. Padding)

    ----------------------------------------------------------------------

      Code (inc. data)   RO Data    RW Data    ZI Data      Debug   Library Member Name

         8          0          0          0          0         68   __main.o
       392          6         17          0          0         76   __printf_flags_ss_wp.o
        14          0          0          0          0         60   __printf_wp.o
         0          0          0          0          0          0   __rtentry.o
        12          0          0          0          0          0   __rtentry2.o
         6          0          0          0          0          0   __rtentry4.o
        60          8          0          0          0          0   __scatter.o
        26          0          0          0          0          0   __scatter_copy.o
        28          0          0          0          0          0   __scatter_zi.o
        46          0          0          0          0        100   _printf_char.o
        48          6          0          0          0         88   _printf_char_common.o
        40          6          0          0          0         72   _printf_char_file.o
        10          0          0          0          0          0   _printf_d.o
       108         18          0          0          0         76   _printf_dec.o
        88          4         40          0          0         72   _printf_hex_int.o
       176          0          0          0          0         84   _printf_intcommon.o
        78          0          0          0          0        100   _printf_pad.o
         2          0          0          0          0          0   _printf_percent.o
         4          0          0          0          0          0   _printf_percent_end.o
        10          0          0          0          0          0   _printf_s.o
        82          0          0          0          0         72   _printf_str.o
        10          0          0          0          0          0   _printf_x.o
        10          0          0          0          0         60   _sputc.o
       346          0          0          0          0         92   aeabi_sdiv.o
        16          0          0          0          0         68   exit.o
         6          0          0          0          0        136   heapauxi.o
         2          0          0          0          0          0   libinit.o
         2          0          0          0          0          0   libinit2.o
         2          0          0          0          0          0   libshutdown.o
         2          0          0          0          0          0   libshutdown2.o
         8          4          0          0         96         68   libspace.o
        28          6          0          0          0         84   noretval__2printf.o
        40          4          0          0          0         84   noretval__2sprintf.o
        64          0          0          0          0        108   rt_memclr.o
       186          0          0          0          0        144   rt_memcpy.o
         2          0          0          0          0          0   rtexit.o
        10          0          0          0          0          0   rtexit2.o
        40          0          0          0          0         60   rtudiv10.o
        68          6          0          0          0         72   strlen.o
       160          6          0          0          0         76   strncmp.o
        62          0          0          0          0         80   sys_stackheap_outer.o
         2          0          0          0          0         68   use_no_semi.o
       856         20          0          0          0        208   daddsub.o
        72          4          0          0          0         68   dfixui.o
        84          4          0          0          0         60   f2d.o
       372          8          0          0          0        240   faddsub.o
       352         10         64          0          0         92   fdiv.o
        48          0          0          0          0         60   ffixui.o
        94          0          0          0          0         92   fflti.o
        68          4          0          0          0         68   fscalbn.o
         0          0          0          0          0          0   usenofp.o

    ----------------------------------------------------------------------
      4262        124        124          0        100       2956   Library Totals
        12          0          3          0          4          0   (incl. Padding)

    ----------------------------------------------------------------------

      Code (inc. data)   RO Data    RW Data    ZI Data      Debug   Library Name

      2304         74         57          0         96       2068   c_p.l
      1946         50         64          0          0        888   fz_ps.l

    ----------------------------------------------------------------------
      4262        124        124          0        100       2956   Library Totals

    ----------------------------------------------------------------------

==============================================================================


      Code (inc. data)   RO Data    RW Data    ZI Data      Debug   

     17276       1188        428        164       4236     148250   Grand Totals
     17276       1188        428        164       4236     148250   ELF Image Totals
     17276       1188        428        164          0          0   ROM Totals

==============================================================================

    Total RO  Size (Code + RO Data)                17704 (  17.29kB)
    Total RW  Size (RW Data + ZI Data)              4400 (   4.30kB)
    Total ROM Size (Code + RO Data + RW Data)      17868 (  17.45kB)

==============================================================================

